[2J[01;01H[=3h[2J[01;01H[2J[01;01H[=3h[2J[01;01H[2J[01;01H[=3h[2J[01;01HBdsDxe: loading Boot0001 "UEFI QEMU HARDDISK QM00001 " from PciRoot(0x0)/Pci(0x1,0x1)/Ata(Primary,Master,0x0)
BdsDxe: starting Boot0001 "UEFI QEMU HARDDISK QM00001 " from PciRoot(0x0)/Pci(0x1,0x1)/Ata(Primary,Master,0x0)
[ INFO]:  src/main.rs@398: Address of main: 0x7e1f9600
[ INFO]:  src/main.rs@146: Image path: \EFI\BOOT\BOOTX64.EFI
[ INFO]:   src/elf.rs@056: ph entry size 56, num 5 struct size 56
[ INFO]:  src/main.rs@414: Kernel file contents read to 0x7de5b018 size: 3744936 bytes, mem size: 164567 bytes
[ INFO]: src/pager.rs@094: PML4 Physical Address: PhysAddr(0x7fc01000)
[ INFO]: src/pager.rs@103: PML4 is not writable, making a copy of it
[ INFO]:  src/main.rs@101: Requesting 1 pages (4096 bytes)
[ INFO]:  src/main.rs@422: Kernel is 164567 bytes (41 pages) at virtual address 0xffffff8000000000
[ INFO]:  src/main.rs@101: Requesting 41 pages (167936 bytes)
[ INFO]:  src/main.rs@116: Allocated 41 pages (167936 bytes) at address 0x7e23f000
[ INFO]: src/pager.rs@172: Mapping 41 pages 0x7e23f000 physical -> 0xffffff8000000000 virtualwith flags PageTableFlags(WRITABLE | GLOBAL)
[ INFO]:  src/main.rs@101: Requesting 1 pages (4096 bytes)
[ INFO]: src/pager.rs@196: Setting PML4 entry 511 to new frame at PhysAddr(0x7e4da000)
[ INFO]: src/pager.rs@198: Set PML4 entry 511 to new frame at PhysAddr(0x7e4da000)
[ INFO]:  src/main.rs@101: Requesting 1 pages (4096 bytes)
[ INFO]:  src/main.rs@101: Requesting 1 pages (4096 bytes)
[ INFO]:  src/main.rs@431: Relocating kernel to address 0xffffff8000000000 - 0xffffff80000282d7
[ INFO]:   src/elf.rs@142: Program Header 0: type 1, offset 0x1000, vaddr 0xffffff8000000000, paddr 0xffffff8000000000, filesz 0x21c56, memsz 0x21c56, align 0x1000
[ INFO]:   src/elf.rs@148:   -> This is a loadable segment copying to 0x0 + 0xffffff8000000000
[ INFO]:   src/elf.rs@172:       size 21c56 vma ffffff8000000000 file off 1000
[ INFO]:   src/elf.rs@180:     copying 7de5c018 to ffffff8000000000 (138326 bytes)
[ INFO]:   src/elf.rs@193:       First 8 bytes of loaded segment:
[ INFO]:   src/elf.rs@196:       ffffff8000000000:    48
[ INFO]:   src/elf.rs@196:       ffffff8000000001:    83
[ INFO]:   src/elf.rs@196:       ffffff8000000002:    ec
[ INFO]:   src/elf.rs@196:       ffffff8000000003:    38
[ INFO]:   src/elf.rs@196:       ffffff8000000004:    48
[ INFO]:   src/elf.rs@196:       ffffff8000000005:    89
[ INFO]:   src/elf.rs@196:       ffffff8000000006:    7c
[ INFO]:   src/elf.rs@196:       ffffff8000000007:    24
[ INFO]:   src/elf.rs@142: Program Header 1: type 1, offset 0x22c58, vaddr 0xffffff8000021c58, paddr 0xffffff8000021c58, filesz 0x60, memsz 0x60, align 0x1000
[ INFO]:   src/elf.rs@148:   -> This is a loadable segment copying to 0x0 + 0xffffff8000021c58
[ INFO]:   src/elf.rs@172:       size 60 vma ffffff8000021c58 file off 22c58
[ INFO]:   src/elf.rs@180:     copying 7de7dc70 to ffffff8000021c58 (96 bytes)
[ INFO]:   src/elf.rs@193:       First 8 bytes of loaded segment:
[ INFO]:   src/elf.rs@196:       ffffff8000021c58:    40
[ INFO]:   src/elf.rs@196:       ffffff8000021c59:    ae
[ INFO]:   src/elf.rs@196:       ffffff8000021c5a:    00
[ INFO]:   src/elf.rs@196:       ffffff8000021c5b:    00
[ INFO]:   src/elf.rs@196:       ffffff8000021c5c:    80
[ INFO]:   src/elf.rs@196:       ffffff8000021c5d:    ff
[ INFO]:   src/elf.rs@196:       ffffff8000021c5e:    ff
[ INFO]:   src/elf.rs@196:       ffffff8000021c5f:    ff
[ INFO]:   src/elf.rs@142: Program Header 2: type 1, offset 0x22cb8, vaddr 0xffffff8000021cb8, paddr 0xffffff8000021cb8, filesz 0x661f, memsz 0x661f, align 0x1000
[ INFO]:   src/elf.rs@148:   -> This is a loadable segment copying to 0x0 + 0xffffff8000021cb8
[ INFO]:   src/elf.rs@172:       size 661f vma ffffff8000021cb8 file off 22cb8
[ INFO]:   src/elf.rs@180:     copying 7de7dcd0 to ffffff8000021cb8 (26143 bytes)
[ INFO]:   src/elf.rs@193:       First 8 bytes of loaded segment:
[ INFO]:   src/elf.rs@196:       ffffff8000021cb8:    b0
[ INFO]:   src/elf.rs@196:       ffffff8000021cb9:    45
[ INFO]:   src/elf.rs@196:       ffffff8000021cba:    02
[ INFO]:   src/elf.rs@196:       ffffff8000021cbb:    00
[ INFO]:   src/elf.rs@196:       ffffff8000021cbc:    80
[ INFO]:   src/elf.rs@196:       ffffff8000021cbd:    ff
[ INFO]:   src/elf.rs@196:       ffffff8000021cbe:    ff
[ INFO]:   src/elf.rs@196:       ffffff8000021cbf:    ff
[ INFO]:   src/elf.rs@142: Program Header 3: type 1685382482, offset 0x22c58, vaddr 0xffffff8000021c58, paddr 0xffffff8000021c58, filesz 0x60, memsz 0x60, align 0x1
[ INFO]:   src/elf.rs@142: Program Header 4: type 1685382481, offset 0x0, vaddr 0x0, paddr 0x0, filesz 0x0, memsz 0x0, align 0x0
[ INFO]:  src/main.rs@101: Requesting 1 pages (4096 bytes)
[ INFO]:  src/main.rs@441: Loading modules...
[ INFO]:  src/main.rs@206: Loading modules from \efi\boot\modules
[ INFO]:  src/main.rs@443: Read 1 modules
[ INFO]:  src/main.rs@445: To debug with gdb:
[ INFO]:  src/main.rs@446: target remote localhost:1234
[ INFO]:  src/main.rs@447: add-symbol-file esp/efi/boot/kernel.elf 0xffffff8000000000
[ INFO]:  src/main.rs@447: 
[ INFO]:  src/main.rs@449: Press esc key to load kernel...
[ INFO]:  src/main.rs@090: Continuing....
[ INFO]:  src/main.rs@101: Requesting 1 pages (4096 bytes)
[ INFO]:  src/main.rs@101: Requesting 1 pages (4096 bytes)
[ INFO]:  src/main.rs@295: Type=BOOT_SERVICES_CODE, phys=0x0 - 0x1000, virt=0x0, pages=1
[ INFO]:  src/main.rs@295: Type=CONVENTIONAL, phys=0x1000 - 0xa0000, virt=0x0, pages=159
[ INFO]:  src/main.rs@277:   region 0 - a0000 type 0
[ INFO]:  src/main.rs@278: --------------------------------------------------- 96 page gap
[ INFO]:  src/main.rs@280:   region gap a0000 - 100000 type non-existent
[ INFO]:  src/main.rs@295: Type=CONVENTIONAL, phys=0x100000 - 0x800000, virt=0x0, pages=1792
[ INFO]:  src/main.rs@289:   region 100000 - 800000 type 0
[ INFO]:  src/main.rs@295: Type=ACPI_NON_VOLATILE, phys=0x800000 - 0x808000, virt=0x0, pages=8
[ INFO]:  src/main.rs@289:   region 800000 - 808000 type 2
[ INFO]:  src/main.rs@295: Type=CONVENTIONAL, phys=0x808000 - 0x80b000, virt=0x0, pages=3
[ INFO]:  src/main.rs@289:   region 808000 - 80b000 type 0
[ INFO]:  src/main.rs@295: Type=ACPI_NON_VOLATILE, phys=0x80b000 - 0x80c000, virt=0x0, pages=1
[ INFO]:  src/main.rs@289:   region 80b000 - 80c000 type 2
[ INFO]:  src/main.rs@295: Type=CONVENTIONAL, phys=0x80c000 - 0x810000, virt=0x0, pages=4
[ INFO]:  src/main.rs@289:   region 80c000 - 810000 type 0
[ INFO]:  src/main.rs@295: Type=ACPI_NON_VOLATILE, phys=0x810000 - 0x900000, virt=0x0, pages=240
[ INFO]:  src/main.rs@289:   region 810000 - 900000 type 2
[ INFO]:  src/main.rs@295: Type=BOOT_SERVICES_DATA, phys=0x900000 - 0x1780000, virt=0x0, pages=3712
[ INFO]:  src/main.rs@295: Type=CONVENTIONAL, phys=0x1780000 - 0x7bf36000, virt=0x0, pages=501686
[ INFO]:  src/main.rs@295: Type=BOOT_SERVICES_DATA, phys=0x7bf36000 - 0x7bf56000, virt=0x0, pages=32
[ INFO]:  src/main.rs@295: Type=CONVENTIONAL, phys=0x7bf56000 - 0x7de5b000, virt=0x0, pages=7941
[ INFO]:  src/main.rs@289:   region 900000 - 7de5b000 type 0
[ INFO]:  src/main.rs@295: Type=LOADER_DATA, phys=0x7de5b000 - 0x7e1ee000, virt=0x0, pages=915
[ INFO]:  src/main.rs@295: Type=LOADER_CODE, phys=0x7e1ee000 - 0x7e22d000, virt=0x0, pages=63
[ INFO]:  src/main.rs@289:   region 7de5b000 - 7e22d000 type 1
[ INFO]:  src/main.rs@295: Type=CONVENTIONAL, phys=0x7e22d000 - 0x7e238000, virt=0x0, pages=11
[ INFO]:  src/main.rs@295: Type=BOOT_SERVICES_DATA, phys=0x7e238000 - 0x7e23e000, virt=0x0, pages=6
[ INFO]:  src/main.rs@289:   region 7e22d000 - 7e23e000 type 0
[ INFO]:  src/main.rs@295: Type=LOADER_DATA, phys=0x7e23e000 - 0x7e268000, virt=0x0, pages=42
[ INFO]:  src/main.rs@289:   region 7e23e000 - 7e268000 type 1
[ INFO]:  src/main.rs@295: Type=BOOT_SERVICES_DATA, phys=0x7e268000 - 0x7e4d2000, virt=0x0, pages=618
[ INFO]:  src/main.rs@289:   region 7e268000 - 7e4d2000 type 0
[ INFO]:  src/main.rs@295: Type=LOADER_DATA, phys=0x7e4d2000 - 0x7e4d4000, virt=0x0, pages=2
[ INFO]:  src/main.rs@289:   region 7e4d2000 - 7e4d4000 type 1
[ INFO]:  src/main.rs@295: Type=BOOT_SERVICES_DATA, phys=0x7e4d4000 - 0x7e4da000, virt=0x0, pages=6
[ INFO]:  src/main.rs@289:   region 7e4d4000 - 7e4da000 type 0
[ INFO]:  src/main.rs@295: Type=LOADER_DATA, phys=0x7e4da000 - 0x7e4dc000, virt=0x0, pages=2
[ INFO]:  src/main.rs@289:   region 7e4da000 - 7e4dc000 type 1
[ INFO]:  src/main.rs@295: Type=BOOT_SERVICES_DATA, phys=0x7e4dc000 - 0x7e989000, virt=0x0, pages=1197
[ INFO]:  src/main.rs@295: Type=BOOT_SERVICES_CODE, phys=0x7e989000 - 0x7ea3d000, virt=0x0, pages=180
[ INFO]:  src/main.rs@295: Type=BOOT_SERVICES_DATA, phys=0x7ea3d000 - 0x7ea5e000, virt=0x0, pages=33
[ INFO]:  src/main.rs@295: Type=CONVENTIONAL, phys=0x7ea5e000 - 0x7ea69000, virt=0x0, pages=11
[ INFO]:  src/main.rs@289:   region 7e4dc000 - 7ea69000 type 0
[ INFO]:  src/main.rs@295: Type=LOADER_DATA, phys=0x7ea69000 - 0x7ea6d000, virt=0x0, pages=4
[ INFO]:  src/main.rs@289:   region 7ea69000 - 7ea6d000 type 1
[ INFO]:  src/main.rs@295: Type=BOOT_SERVICES_CODE, phys=0x7ea6d000 - 0x7eb4e000, virt=0x0, pages=225
[ INFO]:  src/main.rs@295: Type=BOOT_SERVICES_DATA, phys=0x7eb4e000 - 0x7ebba000, virt=0x0, pages=108
[ INFO]:  src/main.rs@295: Type=BOOT_SERVICES_CODE, phys=0x7ebba000 - 0x7ebc3000, virt=0x0, pages=9
[ INFO]:  src/main.rs@295: Type=BOOT_SERVICES_DATA, phys=0x7ebc3000 - 0x7ebc8000, virt=0x0, pages=5
[ INFO]:  src/main.rs@295: Type=BOOT_SERVICES_CODE, phys=0x7ebc8000 - 0x7ec07000, virt=0x0, pages=63
[ INFO]:  src/main.rs@295: Type=BOOT_SERVICES_DATA, phys=0x7ec07000 - 0x7ec0a000, virt=0x0, pages=3
[ INFO]:  src/main.rs@295: Type=BOOT_SERVICES_CODE, phys=0x7ec0a000 - 0x7ec0d000, virt=0x0, pages=3
[ INFO]:  src/main.rs@295: Type=BOOT_SERVICES_DATA, phys=0x7ec0d000 - 0x7ec14000, virt=0x0, pages=7
[ INFO]:  src/main.rs@295: Type=BOOT_SERVICES_CODE, phys=0x7ec14000 - 0x7ec26000, virt=0x0, pages=18
[ INFO]:  src/main.rs@295: Type=BOOT_SERVICES_DATA, phys=0x7ec26000 - 0x7ec27000, virt=0x0, pages=1
[ INFO]:  src/main.rs@295: Type=BOOT_SERVICES_CODE, phys=0x7ec27000 - 0x7ec2a000, virt=0x0, pages=3
[ INFO]:  src/main.rs@295: Type=BOOT_SERVICES_DATA, phys=0x7ec2a000 - 0x7ec2f000, virt=0x0, pages=5
[ INFO]:  src/main.rs@295: Type=BOOT_SERVICES_CODE, phys=0x7ec2f000 - 0x7ec3d000, virt=0x0, pages=14
[ INFO]:  src/main.rs@295: Type=BOOT_SERVICES_DATA, phys=0x7ec3d000 - 0x7ec4c000, virt=0x0, pages=15
[ INFO]:  src/main.rs@295: Type=BOOT_SERVICES_CODE, phys=0x7ec4c000 - 0x7ec57000, virt=0x0, pages=11
[ INFO]:  src/main.rs@295: Type=BOOT_SERVICES_DATA, phys=0x7ec57000 - 0x7ec62000, virt=0x0, pages=11
[ INFO]:  src/main.rs@295: Type=BOOT_SERVICES_CODE, phys=0x7ec62000 - 0x7ec78000, virt=0x0, pages=22
[ INFO]:  src/main.rs@295: Type=BOOT_SERVICES_DATA, phys=0x7ec78000 - 0x7ec81000, virt=0x0, pages=9
[ INFO]:  src/main.rs@295: Type=BOOT_SERVICES_CODE, phys=0x7ec81000 - 0x7eca5000, virt=0x0, pages=36
[ INFO]:  src/main.rs@295: Type=BOOT_SERVICES_DATA, phys=0x7eca5000 - 0x7eca8000, virt=0x0, pages=3
[ INFO]:  src/main.rs@295: Type=BOOT_SERVICES_CODE, phys=0x7eca8000 - 0x7ecbc000, virt=0x0, pages=20
[ INFO]:  src/main.rs@295: Type=BOOT_SERVICES_DATA, phys=0x7ecbc000 - 0x7ecc3000, virt=0x0, pages=7
[ INFO]:  src/main.rs@295: Type=BOOT_SERVICES_CODE, phys=0x7ecc3000 - 0x7ecc9000, virt=0x0, pages=6
[ INFO]:  src/main.rs@295: Type=BOOT_SERVICES_DATA, phys=0x7ecc9000 - 0x7eccc000, virt=0x0, pages=3
[ INFO]:  src/main.rs@295: Type=BOOT_SERVICES_CODE, phys=0x7eccc000 - 0x7ecda000, virt=0x0, pages=14
[ INFO]:  src/main.rs@295: Type=BOOT_SERVICES_DATA, phys=0x7ecda000 - 0x7ecdb000, virt=0x0, pages=1
[ INFO]:  src/main.rs@295: Type=BOOT_SERVICES_CODE, phys=0x7ecdb000 - 0x7ece6000, virt=0x0, pages=11
[ INFO]:  src/main.rs@295: Type=BOOT_SERVICES_DATA, phys=0x7ece6000 - 0x7ece8000, virt=0x0, pages=2
[ INFO]:  src/main.rs@295: Type=BOOT_SERVICES_CODE, phys=0x7ece8000 - 0x7ecf5000, virt=0x0, pages=13
[ INFO]:  src/main.rs@295: Type=BOOT_SERVICES_DATA, phys=0x7ecf5000 - 0x7ecfa000, virt=0x0, pages=5
[ INFO]:  src/main.rs@295: Type=BOOT_SERVICES_CODE, phys=0x7ecfa000 - 0x7ed07000, virt=0x0, pages=13
[ INFO]:  src/main.rs@295: Type=BOOT_SERVICES_DATA, phys=0x7ed07000 - 0x7ed0a000, virt=0x0, pages=3
[ INFO]:  src/main.rs@295: Type=BOOT_SERVICES_CODE, phys=0x7ed0a000 - 0x7ed16000, virt=0x0, pages=12
[ INFO]:  src/main.rs@295: Type=BOOT_SERVICES_DATA, phys=0x7ed16000 - 0x7ed17000, virt=0x0, pages=1
[ INFO]:  src/main.rs@295: Type=BOOT_SERVICES_CODE, phys=0x7ed17000 - 0x7ed1a000, virt=0x0, pages=3
[ INFO]:  src/main.rs@295: Type=BOOT_SERVICES_DATA, phys=0x7ed1a000 - 0x7ed1c000, virt=0x0, pages=2
[ INFO]:  src/main.rs@295: Type=BOOT_SERVICES_CODE, phys=0x7ed1c000 - 0x7ed29000, virt=0x0, pages=13
[ INFO]:  src/main.rs@295: Type=BOOT_SERVICES_DATA, phys=0x7ed29000 - 0x7ed30000, virt=0x0, pages=7
[ INFO]:  src/main.rs@295: Type=BOOT_SERVICES_CODE, phys=0x7ed30000 - 0x7ed39000, virt=0x0, pages=9
[ INFO]:  src/main.rs@295: Type=BOOT_SERVICES_DATA, phys=0x7ed39000 - 0x7ed3a000, virt=0x0, pages=1
[ INFO]:  src/main.rs@295: Type=BOOT_SERVICES_CODE, phys=0x7ed3a000 - 0x7ed3d000, virt=0x0, pages=3
[ INFO]:  src/main.rs@295: Type=BOOT_SERVICES_DATA, phys=0x7ed3d000 - 0x7ed3e000, virt=0x0, pages=1
[ INFO]:  src/main.rs@295: Type=BOOT_SERVICES_CODE, phys=0x7ed3e000 - 0x7ed4d000, virt=0x0, pages=15
[ INFO]:  src/main.rs@295: Type=BOOT_SERVICES_DATA, phys=0x7ed4d000 - 0x7ed4f000, virt=0x0, pages=2
[ INFO]:  src/main.rs@295: Type=BOOT_SERVICES_CODE, phys=0x7ed4f000 - 0x7ed6c000, virt=0x0, pages=29
[ INFO]:  src/main.rs@295: Type=BOOT_SERVICES_DATA, phys=0x7ed6c000 - 0x7ed6d000, virt=0x0, pages=1
[ INFO]:  src/main.rs@295: Type=BOOT_SERVICES_CODE, phys=0x7ed6d000 - 0x7ed70000, virt=0x0, pages=3
[ INFO]:  src/main.rs@295: Type=BOOT_SERVICES_DATA, phys=0x7ed70000 - 0x7ed73000, virt=0x0, pages=3
[ INFO]:  src/main.rs@295: Type=BOOT_SERVICES_CODE, phys=0x7ed73000 - 0x7ed78000, virt=0x0, pages=5
[ INFO]:  src/main.rs@295: Type=BOOT_SERVICES_DATA, phys=0x7ed78000 - 0x7ed7b000, virt=0x0, pages=3
[ INFO]:  src/main.rs@295: Type=BOOT_SERVICES_CODE, phys=0x7ed7b000 - 0x7ed90000, virt=0x0, pages=21
[ INFO]:  src/main.rs@295: Type=BOOT_SERVICES_DATA, phys=0x7ed90000 - 0x7ed92000, virt=0x0, pages=2
[ INFO]:  src/main.rs@295: Type=BOOT_SERVICES_CODE, phys=0x7ed92000 - 0x7ed94000, virt=0x0, pages=2
[ INFO]:  src/main.rs@295: Type=BOOT_SERVICES_DATA, phys=0x7ed94000 - 0x7ed97000, virt=0x0, pages=3
[ INFO]:  src/main.rs@295: Type=BOOT_SERVICES_CODE, phys=0x7ed97000 - 0x7ed9e000, virt=0x0, pages=7
[ INFO]:  src/main.rs@295: Type=BOOT_SERVICES_DATA, phys=0x7ed9e000 - 0x7eda5000, virt=0x0, pages=7
[ INFO]:  src/main.rs@295: Type=BOOT_SERVICES_CODE, phys=0x7eda5000 - 0x7eda9000, virt=0x0, pages=4
[ INFO]:  src/main.rs@295: Type=BOOT_SERVICES_DATA, phys=0x7eda9000 - 0x7edad000, virt=0x0, pages=4
[ INFO]:  src/main.rs@295: Type=BOOT_SERVICES_CODE, phys=0x7edad000 - 0x7edcc000, virt=0x0, pages=31
[ INFO]:  src/main.rs@295: Type=BOOT_SERVICES_DATA, phys=0x7edcc000 - 0x7edce000, virt=0x0, pages=2
[ INFO]:  src/main.rs@295: Type=BOOT_SERVICES_CODE, phys=0x7edce000 - 0x7edd9000, virt=0x0, pages=11
[ INFO]:  src/main.rs@295: Type=BOOT_SERVICES_DATA, phys=0x7edd9000 - 0x7edde000, virt=0x0, pages=5
[ INFO]:  src/main.rs@295: Type=BOOT_SERVICES_CODE, phys=0x7edde000 - 0x7edef000, virt=0x0, pages=17
[ INFO]:  src/main.rs@295: Type=BOOT_SERVICES_DATA, phys=0x7edef000 - 0x7edf0000, virt=0x0, pages=1
[ INFO]:  src/main.rs@295: Type=BOOT_SERVICES_CODE, phys=0x7edf0000 - 0x7edf8000, virt=0x0, pages=8
[ INFO]:  src/main.rs@295: Type=BOOT_SERVICES_DATA, phys=0x7edf8000 - 0x7f000000, virt=0x0, pages=520
[ INFO]:  src/main.rs@295: Type=BOOT_SERVICES_CODE, phys=0x7f000000 - 0x7f00b000, virt=0x0, pages=11
[ INFO]:  src/main.rs@295: Type=BOOT_SERVICES_DATA, phys=0x7f00b000 - 0x7f010000, virt=0x0, pages=5
[ INFO]:  src/main.rs@295: Type=RUNTIME_SERVICES_DATA, phys=0x7f010000 - 0x7f0d1000, virt=0x0, pages=193
[ INFO]:  src/main.rs@295: Type=BOOT_SERVICES_CODE, phys=0x7f0d1000 - 0x7f0ea000, virt=0x0, pages=25
[ INFO]:  src/main.rs@295: Type=BOOT_SERVICES_DATA, phys=0x7f0ea000 - 0x7f0ed000, virt=0x0, pages=3
[ INFO]:  src/main.rs@295: Type=BOOT_SERVICES_CODE, phys=0x7f0ed000 - 0x7f0f6000, virt=0x0, pages=9
[ INFO]:  src/main.rs@295: Type=BOOT_SERVICES_DATA, phys=0x7f0f6000 - 0x7f0f8000, virt=0x0, pages=2
[ INFO]:  src/main.rs@295: Type=BOOT_SERVICES_CODE, phys=0x7f0f8000 - 0x7f0f9000, virt=0x0, pages=1
[ INFO]:  src/main.rs@295: Type=BOOT_SERVICES_DATA, phys=0x7f0f9000 - 0x7f0fb000, virt=0x0, pages=2
[ INFO]:  src/main.rs@295: Type=BOOT_SERVICES_CODE, phys=0x7f0fb000 - 0x7f0fe000, virt=0x0, pages=3
[ INFO]:  src/main.rs@295: Type=BOOT_SERVICES_DATA, phys=0x7f0fe000 - 0x7f0ff000, virt=0x0, pages=1
[ INFO]:  src/main.rs@295: Type=BOOT_SERVICES_CODE, phys=0x7f0ff000 - 0x7f100000, virt=0x0, pages=1
[ INFO]:  src/main.rs@295: Type=BOOT_SERVICES_DATA, phys=0x7f100000 - 0x7f101000, virt=0x0, pages=1
[ INFO]:  src/main.rs@295: Type=BOOT_SERVICES_CODE, phys=0x7f101000 - 0x7f117000, virt=0x0, pages=22
[ INFO]:  src/main.rs@295: Type=BOOT_SERVICES_DATA, phys=0x7f117000 - 0x7f118000, virt=0x0, pages=1
[ INFO]:  src/main.rs@295: Type=BOOT_SERVICES_CODE, phys=0x7f118000 - 0x7f11a000, virt=0x0, pages=2
[ INFO]:  src/main.rs@295: Type=BOOT_SERVICES_DATA, phys=0x7f11a000 - 0x7f12d000, virt=0x0, pages=19
[ INFO]:  src/main.rs@295: Type=BOOT_SERVICES_CODE, phys=0x7f12d000 - 0x7f12f000, virt=0x0, pages=2
[ INFO]:  src/main.rs@295: Type=BOOT_SERVICES_DATA, phys=0x7f12f000 - 0x7f52f000, virt=0x0, pages=1024
[ INFO]:  src/main.rs@295: Type=BOOT_SERVICES_CODE, phys=0x7f52f000 - 0x7f537000, virt=0x0, pages=8
[ INFO]:  src/main.rs@295: Type=BOOT_SERVICES_DATA, phys=0x7f537000 - 0x7f53d000, virt=0x0, pages=6
[ INFO]:  src/main.rs@295: Type=BOOT_SERVICES_CODE, phys=0x7f53d000 - 0x7f547000, virt=0x0, pages=10
[ INFO]:  src/main.rs@295: Type=BOOT_SERVICES_DATA, phys=0x7f547000 - 0x7f548000, virt=0x0, pages=1
[ INFO]:  src/main.rs@295: Type=BOOT_SERVICES_CODE, phys=0x7f548000 - 0x7f54d000, virt=0x0, pages=5
[ INFO]:  src/main.rs@295: Type=BOOT_SERVICES_DATA, phys=0x7f54d000 - 0x7f8ed000, virt=0x0, pages=928
[ INFO]:  src/main.rs@295: Type=RUNTIME_SERVICES_DATA, phys=0x7f8ed000 - 0x7f9ed000, virt=0x0, pages=256
[ INFO]:  src/main.rs@295: Type=RUNTIME_SERVICES_CODE, phys=0x7f9ed000 - 0x7faed000, virt=0x0, pages=256
[ INFO]:  src/main.rs@289:   region 7ea6d000 - 7faed000 type 0
[ INFO]:  src/main.rs@295: Type=RESERVED, phys=0x7faed000 - 0x7fb6d000, virt=0x0, pages=128
[ INFO]:  src/main.rs@295: Type=ACPI_RECLAIM, phys=0x7fb6d000 - 0x7fb7f000, virt=0x0, pages=18
[ INFO]:  src/main.rs@295: Type=ACPI_NON_VOLATILE, phys=0x7fb7f000 - 0x7fbff000, virt=0x0, pages=128
[ INFO]:  src/main.rs@289:   region 7faed000 - 7fbff000 type 2
[ INFO]:  src/main.rs@295: Type=BOOT_SERVICES_DATA, phys=0x7fbff000 - 0x7fe00000, virt=0x0, pages=513
[ INFO]:  src/main.rs@295: Type=CONVENTIONAL, phys=0x7fe00000 - 0x7fe77000, virt=0x0, pages=119
[ INFO]:  src/main.rs@295: Type=BOOT_SERVICES_DATA, phys=0x7fe77000 - 0x7fe97000, virt=0x0, pages=32
[ INFO]:  src/main.rs@295: Type=BOOT_SERVICES_CODE, phys=0x7fe97000 - 0x7feca000, virt=0x0, pages=51
[ INFO]:  src/main.rs@295: Type=BOOT_SERVICES_DATA, phys=0x7feca000 - 0x7fedb000, virt=0x0, pages=17
[ INFO]:  src/main.rs@295: Type=BOOT_SERVICES_CODE, phys=0x7fedb000 - 0x7fef4000, virt=0x0, pages=25
[ INFO]:  src/main.rs@295: Type=RUNTIME_SERVICES_DATA, phys=0x7fef4000 - 0x7ff78000, virt=0x0, pages=132
[ INFO]:  src/main.rs@289:   region 7fbff000 - 7ff78000 type 0
[ INFO]:  src/main.rs@295: Type=ACPI_NON_VOLATILE, phys=0x7ff78000 - 0x80000000, virt=0x0, pages=136
[ INFO]:  src/main.rs@277:   region 7ff78000 - 80000000 type 2
[ INFO]:  src/main.rs@278: --------------------------------------------------- 520188 page gap
[ INFO]:  src/main.rs@280:   region gap 80000000 - feffc000 type non-existent
[ INFO]:  src/main.rs@295: Type=RESERVED, phys=0xfeffc000 - 0xff000000, virt=0x0, pages=4
[ INFO]:  src/main.rs@304: 524064 total pages 2146566144 bytes of memory
[ INFO]:  src/main.rs@469: Kernel entry point: 0xffffff8000000060
[ INFO]:  src/main.rs@473: First 8 bytes of kernel entry point:
[ INFO]:  src/main.rs@476:   ffffff8000000060:  48
[ INFO]:  src/main.rs@476:   ffffff8000000061:  81
[ INFO]:  src/main.rs@476:   ffffff8000000062:  ec
[ INFO]:  src/main.rs@476:   ffffff8000000063:  88
[ INFO]:  src/main.rs@476:   ffffff8000000064:  02
[ INFO]:  src/main.rs@476:   ffffff8000000065:  00
[ INFO]:  src/main.rs@476:   ffffff8000000066:  00
[ INFO]:  src/main.rs@476:   ffffff8000000067:  48
Starting Synapse...
Module list:
module 0 -> 0x000000007e23f000 - 0x000000007e2672d7 (164567 bytes)
Creating pager...
Mapping physical address 200000 to virtual address ffffffd040000000 with flags PageTableFlags(WRITABLE)
Mapping physical address 7e268000 to virtual address ffffffe000200000 with flags PageTableFlags(WRITABLE)
Mapping physical address 7e269000 to virtual address ffffffe000202000 with flags PageTableFlags(WRITABLE)
Creating 1GB page stack
Page stack contains 0 addresses, consuming 0 pages for the stack structure
Creating 2MB page stack
Page stack contains 1015 addresses, consuming 2 pages for the stack structure
Mapping page 0
Mapping physical address 7e26d000 to virtual address ffffffe000000000 with flags PageTableFlags(WRITABLE)
Acquiring new page for page stack: 0
Mapping page 1
Mapping physical address 7e26f000 to virtual address ffffffe000001000 with flags PageTableFlags(WRITABLE)
Creating 4KB page stack
Page stack contains 2825 addresses, consuming 6 pages for the stack structure
Mapping page 0
Mapping physical address 7e270000 to virtual address ffffffd000000000 with flags PageTableFlags(WRITABLE)
Acquiring new page for page stack: 0
Acquiring new page for page stack: 0
Mapping page 1
Mapping physical address 7e273000 to virtual address ffffffd000001000 with flags PageTableFlags(WRITABLE)
Mapping page 2
Mapping physical address 7e274000 to virtual address ffffffd000002000 with flags PageTableFlags(WRITABLE)
Mapping page 3
Mapping physical address 7e275000 to virtual address ffffffd000003000 with flags PageTableFlags(WRITABLE)
Mapping page 4
Mapping physical address 7e276000 to virtual address ffffffd000004000 with flags PageTableFlags(WRITABLE)
Mapping page 5
Mapping physical address 7e277000 to virtual address ffffffd000005000 with flags PageTableFlags(WRITABLE)
Iterating...
Entry PageTableEntry { addr: PhysAddr(0x7fc02000), flags: PageTableFlags(PRESENT | WRITABLE | GLOBAL | NO_EXECUTE) }
Table [PageTableEntry { addr: PhysAddr(0x7fc03000), flags: PageTableFlags(PRESENT | WRITABLE | ACCESSED) }, PageTableEntry { addr: PhysAddr(0x7fc04000), flags: PageTableFlags(PRESENT | WRITABLE | ACCESSED) }, PageTableEntry { addr: PhysAddr(0x7fc05000), flags: PageTableFlags(PRESENT | WRITABLE | ACCESSED) }, PageTableEntry { addr: PhysAddr(0x7fc06000), flags: PageTableFlags(PRESENT | WRITABLE | ACCESSED) }, PageTableEntry { addr: PhysAddr(0x7fc07000), flags: PageTableFlags(PRESENT | WRITABLE) }, PageTableEntry { addr: PhysAddr(0x7fc08000), flags: PageTableFlags(PRESENT | WRITABLE) }, PageTableEntry { addr: PhysAddr(0x7fc09000), flags: PageTableFlags(PRESENT | WRITABLE) }, PageTableEntry { addr: PhysAddr(0x7fc0a000), flags: PageTableFlags(PRESENT | WRITABLE) }, PageTableEntry { addr: PhysAddr(0x7fc0b000), flags: PageTableFlags(PRESENT | WRITABLE) }, PageTableEntry { addr: PhysAddr(0x7fc0c000), flags: PageTableFlags(PRESENT | WRITABLE) }, PageTableEntry { addr: PhysAddr(0x7fc0d000), flags: PageTableFlags(PRESENT | WRITABLE) }, PageTableEntry { addr: PhysAddr(0x7fc0e000), flags: PageTableFlags(PRESENT | WRITABLE) }, PageTableEntry { addr: PhysAddr(0x7fc0f000), flags: PageTableFlags(PRESENT | WRITABLE) }, PageTableEntry { addr: PhysAddr(0x7fc10000), flags: PageTableFlags(PRESENT | WRITABLE) }, PageTableEntry { addr: PhysAddr(0x7fc11000), flags: PageTableFlags(PRESENT | WRITABLE) }, PageTableEntry { addr: PhysAddr(0x7fc12000), flags: PageTableFlags(PRESENT | WRITABLE) }, PageTableEntry { addr: PhysAddr(0x7fc13000), flags: PageTableFlags(PRESENT | WRITABLE) }, PageTableEntry { addr: PhysAddr(0x7fc14000), flags: PageTableFlags(PRESENT | WRITABLE) }, PageTableEntry { addr: PhysAddr(0x7fc15000), flags: PageTableFlags(PRESENT | WRITABLE) }, PageTableEntry { addr: PhysAddr(0x7fc16000), flags: PageTableFlags(PRESENT | WRITABLE) }, PageTableEntry { addr: PhysAddr(0x7fc17000), flags: PageTableFlags(PRESENT | WRITABLE) }, PageTableEntry { addr: PhysAddr(0x7fc18000), flags: PageTableFlags(PRESENT | WRITABLE) }, PageTableEntry { addr: PhysAddr(0x7fc19000), flags: PageTableFlags(PRESENT | WRITABLE) }, PageTableEntry { addr: PhysAddr(0x7fc1a000), flags: PageTableFlags(PRESENT | WRITABLE) }, PageTableEntry { addr: PhysAddr(0x7fc1b000), flags: PageTableFlags(PRESENT | WRITABLE) }, PageTableEntry { addr: PhysAddr(0x7fc1c000), flags: PageTableFlags(PRESENT | WRITABLE) }, PageTableEntry { addr: PhysAddr(0x7fc1d000), flags: PageTableFlags(PRESENT | WRITABLE) }, PageTableEntry { addr: PhysAddr(0x7fc1e000), flags: PageTableFlags(PRESENT | WRITABLE) }, PageTableEntry { addr: PhysAddr(0x7fc1f000), flags: PageTableFlags(PRESENT | WRITABLE) }, PageTableEntry { addr: PhysAddr(0x7fc20000), flags: PageTableFlags(PRESENT | WRITABLE) }, PageTableEntry { addr: PhysAddr(0x7fc21000), flags: PageTableFlags(PRESENT | WRITABLE) }, PageTableEntry { addr: PhysAddr(0x7fc22000), flags: PageTableFlags(PRESENT | WRITABLE) }, PageTableEntry { addr: PhysAddr(0x7fc23000), flags: PageTableFlags(PRESENT | WRITABLE) }, PageTableEntry { addr: PhysAddr(0x7fc24000), flags: PageTableFlags(PRESENT | WRITABLE) }, PageTableEntry { addr: PhysAddr(0x7fc25000), flags: PageTableFlags(PRESENT | WRITABLE) }, PageTableEntry { addr: PhysAddr(0x7fc26000), flags: PageTableFlags(PRESENT | WRITABLE) }, PageTableEntry { addr: PhysAddr(0x7fc27000), flags: PageTableFlags(PRESENT | WRITABLE) }, PageTableEntry { addr: PhysAddr(0x7fc28000), flags: PageTableFlags(PRESENT | WRITABLE) }, PageTableEntry { addr: PhysAddr(0x7fc29000), flags: PageTableFlags(PRESENT | WRITABLE) }, PageTableEntry { addr: PhysAddr(0x7fc2a000), flags: PageTableFlags(PRESENT | WRITABLE) }, PageTableEntry { addr: PhysAddr(0x7fc2b000), flags: PageTableFlags(PRESENT | WRITABLE) }, PageTableEntry { addr: PhysAddr(0x7fc2c000), flags: PageTableFlags(PRESENT | WRITABLE) }, PageTableEntry { addr: PhysAddr(0x7fc2d000), flags: PageTableFlags(PRESENT | WRITABLE) }, PageTableEntry { addr: PhysAddr(0x7fc2e000), flags: PageTableFlags(PRESENT | WRITABLE) }, PageTableEntry { addr: PhysAddr(0x7fc2f000), flags: PageTableFlags(PRESENT | WRITABLE) }, PageTableEntry { addr: PhysAddr(0x7fc30000), flags: PageTableFlags(PRESENT | WRITABLE) }, PageTableEntry { addr: PhysAddr(0x7fc31000), flags: PageTableFlags(PRESENT | WRITABLE) }, PageTableEntry { addr: PhysAddr(0x7fc32000), flags: PageTableFlags(PRESENT | WRITABLE) }, PageTableEntry { addr: PhysAddr(0x7fc33000), flags: PageTableFlags(PRESENT | WRITABLE) }, PageTableEntry { addr: PhysAddr(0x7fc34000), flags: PageTableFlags(PRESENT | WRITABLE) }, PageTableEntry { addr: PhysAddr(0x7fc35000), flags: PageTableFlags(PRESENT | WRITABLE) }, PageTableEntry { addr: PhysAddr(0x7fc36000), flags: PageTableFlags(PRESENT | WRITABLE) }, PageTableEntry { addr: PhysAddr(0x7fc37000), flags: PageTableFlags(PRESENT | WRITABLE) }, PageTableEntry { addr: PhysAddr(0x7fc38000), flags: PageTableFlags(PRESENT | WRITABLE) }, PageTableEntry { addr: PhysAddr(0x7fc39000), flags: PageTableFlags(PRESENT | WRITABLE) }, PageTableEntry { addr: PhysAddr(0x7fc3a000), flags: PageTableFlags(PRESENT | WRITABLE) }, PageTableEntry { addr: PhysAddr(0x7fc3b000), flags: PageTableFlags(PRESENT | WRITABLE) }, PageTableEntry { addr: PhysAddr(0x7fc3c000), flags: PageTableFlags(PRESENT | WRITABLE) }, PageTableEntry { addr: PhysAddr(0x7fc3d000), flags: PageTableFlags(PRESENT | WRITABLE) }, PageTableEntry { addr: PhysAddr(0x7fc3e000), flags: PageTableFlags(PRESENT | WRITABLE) }, PageTableEntry { addr: PhysAddr(0x7fc3f000), flags: PageTableFlags(PRESENT | WRITABLE) }, PageTableEntry { addr: PhysAddr(0x7fc40000), flags: PageTableFlags(PRESENT | WRITABLE) }, PageTableEntry { addr: PhysAddr(0x7fc41000), flags: PageTableFlags(PRESENT | WRITABLE) }, PageTableEntry { addr: PhysAddr(0x7fc42000), flags: PageTableFlags(PRESENT | WRITABLE) }, PageTableEntry { addr: PhysAddr(0x0), flags: PageTableFlags(0x0) }, PageTableEntry { addr: PhysAddr(0x0), flags: PageTableFlags(0x0) }, PageTableEntry { addr: PhysAddr(0x0), flags: PageTableFlags(0x0) }, PageTableEntry { addr: PhysAddr(0x0), flags: PageTableFlags(0x0) }, PageTableEntry { addr: PhysAddr(0x0), flags: PageTableFlags(0x0) }, PageTableEntry { addr: PhysAddr(0x0), flags: PageTableFlags(0x0) }, PageTableEntry { addr: PhysAddr(0x0), flags: PageTableFlags(0x0) }, PageTableEntry { addr: PhysAddr(0x0), flags: PageTableFlags(0x0) }, PageTableEntry { addr: PhysAddr(0x0), flags: PageTableFlags(0x0) }, PageTableEntry { addr: PhysAddr(0x0), flags: PageTableFlags(0x0) }, PageTableEntry { addr: PhysAddr(0x0), flags: PageTableFlags(0x0) }, PageTableEntry { addr: PhysAddr(0x0), flags: PageTableFlags(0x0) }, PageTableEntry { addr: PhysAddr(0x0), flags: PageTableFlags(0x0) }, PageTableEntry { addr: PhysAddr(0x0), flags: PageTableFlags(0x0) }, PageTableEntry { addr: PhysAddr(0x0), flags: PageTableFlags(0x0) }, PageTableEntry { addr: PhysAddr(0x0), flags: PageTableFlags(0x0) }, PageTableEntry { addr: PhysAddr(0x0), flags: PageTableFlags(0x0) }, PageTableEntry { addr: PhysAddr(0x0), flags: PageTableFlags(0x0) }, PageTableEntry { addr: PhysAddr(0x0), flags: PageTableFlags(0x0) }, PageTableEntry { addr: PhysAddr(0x0), flags: PageTableFlags(0x0) }, PageTableEntry { addr: PhysAddr(0x0), flags: PageTableFlags(0x0) }, PageTableEntry { addr: PhysAddr(0x0), flags: PageTableFlags(0x0) }, PageTableEntry { addr: PhysAddr(0x0), flags: PageTableFlags(0x0) }, PageTableEntry { addr: PhysAddr(0x0), flags: PageTableFlags(0x0) }, PageTableEntry { addr: PhysAddr(0x0), flags: PageTableFlags(0x0) }, PageTableEntry { addr: PhysAddr(0x0), flags: PageTableFlags(0x0) }, PageTableEntry { addr: PhysAddr(0x0), flags: PageTableFlags(0x0) }, PageTableEntry { addr: PhysAddr(0x0), flags: PageTableFlags(0x0) }, PageTableEntry { addr: PhysAddr(0x0), flags: PageTableFlags(0x0) }, PageTableEntry { addr: PhysAddr(0x0), flags: PageTableFlags(0x0) }, PageTableEntry { addr: PhysAddr(0x0), flags: PageTableFlags(0x0) }, PageTableEntry { addr: PhysAddr(0x0), flags: PageTableFlags(0x0) }, PageTableEntry { addr: PhysAddr(0x0), flags: PageTableFlags(0x0) }, PageTableEntry { addr: PhysAddr(0x0), flags: PageTableFlags(0x0) }, PageTableEntry { addr: PhysAddr(0x0), flags: PageTableFlags(0x0) }, PageTableEntry { addr: PhysAddr(0x0), flags: PageTableFlags(0x0) }, PageTableEntry { addr: PhysAddr(0x0), flags: PageTableFlags(0x0) }, PageTableEntry { addr: PhysAddr(0x0), flags: PageTableFlags(0x0) }, PageTableEntry { addr: PhysAddr(0x0), flags: PageTableFlags(0x0) }, PageTableEntry { addr: PhysAddr(0x0), flags: PageTableFlags(0x0) }, PageTableEntry { addr: PhysAddr(0x0), flags: PageTableFlags(0x0) }, PageTableEntry { addr: PhysAddr(0x0), flags: PageTableFlags(0x0) }, PageTableEntry { addr: PhysAddr(0x0), flags: PageTableFlags(0x0) }, PageTableEntry { addr: PhysAddr(0x0), flags: PageTableFlags(0x0) }, PageTableEntry { addr: PhysAddr(0x0), flags: PageTableFlags(0x0) }, PageTableEntry { addr: PhysAddr(0x0), flags: PageTableFlags(0x0) }, PageTableEntry { addr: PhysAddr(0x0), flags: PageTableFlags(0x0) }, PageTableEntry { addr: PhysAddr(0x0), flags: PageTableFlags(0x0) }, PageTableEntry { addr: PhysAddr(0x0), flags: PageTableFlags(0x0) }, PageTableEntry { addr: PhysAddr(0x0), flags: PageTableFlags(0x0) }, PageTableEntry { addr: PhysAddr(0x0), flags: PageTableFlags(0x0) }, PageTableEntry { addr: PhysAddr(0x0), flags: PageTableFlags(0x0) }, PageTableEntry { addr: PhysAddr(0x0), flags: PageTableFlags(0x0) }, PageTableEntry { addr: PhysAddr(0x0), flags: PageTableFlags(0x0) }, PageTableEntry { addr: PhysAddr(0x0), flags: PageTableFlags(0x0) }, PageTableEntry { addr: PhysAddr(0x0), flags: PageTableFlags(0x0) }, PageTableEntry { addr: PhysAddr(0x0), flags: PageTableFlags(0x0) }, PageTableEntry { addr: PhysAddr(0x0), flags: PageTableFlags(0x0) }, PageTableEntry { addr: PhysAddr(0x0), flags: PageTableFlags(0x0) }, PageTableEntry { addr: PhysAddr(0x0), flags: PageTableFlags(0x0) }, PageTableEntry { addr: PhysAddr(0x0), flags: PageTableFlags(0x0) }, PageTableEntry { addr: PhysAddr(0x0), flags: PageTableFlags(0x0) }, PageTableEntry { addr: PhysAddr(0x0), flags: PageTableFlags(0x0) }, PageTableEntry { addr: PhysAddr(0x0), flags: PageTableFlags(0x0) }, PageTableEntry { addr: PhysAddr(0x0), flags: PageTableFlags(0x0) }, PageTableEntry { addr: PhysAddr(0x0), flags: PageTableFlags(0x0) }, PageTableEntry { addr: PhysAddr(0x0), flags: PageTableFlags(0x0) }, PageTableEntry { addr: PhysAddr(0x0), flags: PageTableFlags(0x0) }, PageTableEntry { addr: PhysAddr(0x0), flags: PageTableFlags(0x0) }, PageTableEntry { addr: PhysAddr(0x0), flags: PageTableFlags(0x0) }, PageTableEntry { addr: PhysAddr(0x0), flags: PageTableFlags(0x0) }, PageTableEntry { addr: PhysAddr(0x0), flags: PageTableFlags(0x0) }, PageTableEntry { addr: PhysAddr(0x0), flags: PageTableFlags(0x0) }, PageTableEntry { addr: PhysAddr(0x0), flags: PageTableFlags(0x0) }, PageTableEntry { addr: PhysAddr(0x0), flags: PageTableFlags(0x0) }, PageTableEntry { addr: PhysAddr(0x0), flags: PageTableFlags(0x0) }, PageTableEntry { addr: PhysAddr(0x0), flags: PageTableFlags(0x0) }, PageTableEntry { addr: PhysAddr(0x0), flags: PageTableFlags(0x0) }, PageTableEntry { addr: PhysAddr(0x0), flags: PageTableFlags(0x0) }, PageTableEntry { addr: PhysAddr(0x0), flags: PageTableFlags(0x0) }, PageTableEntry { addr: PhysAddr(0x0), flags: PageTableFlags(0x0) }, PageTableEntry { addr: PhysAddr(0x0), flags: PageTableFlags(0x0) }, PageTableEntry { addr: PhysAddr(0x0), flags: PageTableFlags(0x0) }, PageTableEntry { addr: PhysAddr(0x0), flags: PageTableFlags(0x0) }, PageTableEntry { addr: PhysAddr(0x0), flags: PageTableFlags(0x0) }, PageTableEntry { addr: PhysAddr(0x0), flags: PageTableFlags(0x0) }, PageTableEntry { addr: PhysAddr(0x0), flags: PageTableFlags(0x0) }, PageTableEntry { addr: PhysAddr(0x0), flags: PageTableFlags(0x0) }, PageTableEntry { addr: PhysAddr(0x0), flags: PageTableFlags(0x0) }, PageTableEntry { addr: PhysAddr(0x0), flags: PageTableFlags(0x0) }, PageTableEntry { addr: PhysAddr(0x0), flags: PageTableFlags(0x0) }, PageTableEntry { addr: PhysAddr(0x0), flags: PageTableFlags(0x0) }, PageTableEntry { addr: PhysAddr(0x0), flags: PageTableFlags(0x0) }, PageTableEntry { addr: PhysAddr(0x0), flags: PageTableFlags(0x0) }, PageTableEntry { addr: PhysAddr(0x0), flags: PageTableFlags(0x0) }, PageTableEntry { addr: PhysAddr(0x0), flags: PageTableFlags(0x0) }, PageTableEntry { addr: PhysAddr(0x0), flags: PageTableFlags(0x0) }, PageTableEntry { addr: PhysAddr(0x0), flags: PageTableFlags(0x0) }, PageTableEntry { addr: PhysAddr(0x0), flags: PageTableFlags(0x0) }, PageTableEntry { addr: PhysAddr(0x0), flags: PageTableFlags(0x0) }, PageTableEntry { addr: PhysAddr(0x0), flags: PageTableFlags(0x0) }, PageTableEntry { addr: PhysAddr(0x0), flags: PageTableFlags(0x0) }, PageTableEntry { addr: PhysAddr(0x0), flags: PageTableFlags(0x0) }, PageTableEntry { addr: PhysAddr(0x0), flags: PageTableFlags(0x0) }, PageTableEntry { addr: PhysAddr(0x0), flags: PageTableFlags(0x0) }, PageTableEntry { addr: PhysAddr(0x0), flags: PageTableFlags(0x0) }, PageTableEntry { addr: PhysAddr(0x0), flags: PageTableFlags(0x0) }, PageTableEntry { addr: PhysAddr(0x0), flags: PageTableFlags(0x0) }, PageTableEntry { addr: PhysAddr(0x0), flags: PageTableFlags(0x0) }, PageTableEntry { addr: PhysAddr(0x0), flags: PageTableFlags(0x0) }, PageTableEntry { addr: PhysAddr(0x0), flags: PageTableFlags(0x0) }, PageTableEntry { addr: PhysAddr(0x0), flags: PageTableFlags(0x0) }, PageTableEntry { addr: PhysAddr(0x0), flags: PageTableFlags(0x0) }, PageTableEntry { addr: PhysAddr(0x0), flags: PageTableFlags(0x0) }, PageTableEntry { addr: PhysAddr(0x0), flags: PageTableFlags(0x0) }, PageTableEntry { addr: PhysAddr(0x0), flags: PageTableFlags(0x0) }, PageTableEntry { addr: PhysAddr(0x0), flags: PageTableFlags(0x0) }, PageTableEntry { addr: PhysAddr(0x0), flags: PageTableFlags(0x0) }, PageTableEntry { addr: PhysAddr(0x0), flags: PageTableFlags(0x0) }, PageTableEntry { addr: PhysAddr(0x0), flags: PageTableFlags(0x0) }, PageTableEntry { addr: PhysAddr(0x0), flags: PageTableFlags(0x0) }, PageTableEntry { addr: PhysAddr(0x0), flags: PageTableFlags(0x0) }, PageTableEntry { addr: PhysAddr(0x0), flags: PageTableFlags(0x0) }, PageTableEntry { addr: PhysAddr(0x0), flags: PageTableFlags(0x0) }, PageTableEntry { addr: PhysAddr(0x0), flags: PageTableFlags(0x0) }, PageTableEntry { addr: PhysAddr(0x0), flags: PageTableFlags(0x0) }, PageTableEntry { addr: PhysAddr(0x0), flags: PageTableFlags(0x0) }, PageTableEntry { addr: PhysAddr(0x0), flags: PageTableFlags(0x0) }, PageTableEntry { addr: PhysAddr(0x0), flags: PageTableFlags(0x0) }, PageTableEntry { addr: PhysAddr(0x0), flags: PageTableFlags(0x0) }, PageTableEntry { addr: PhysAddr(0x0), flags: PageTableFlags(0x0) }, PageTableEntry { addr: PhysAddr(0x0), flags: PageTableFlags(0x0) }, PageTableEntry { addr: PhysAddr(0x0), flags: PageTableFlags(0x0) }, PageTableEntry { addr: PhysAddr(0x0), flags: PageTableFlags(0x0) }, PageTableEntry { addr: PhysAddr(0x0), flags: PageTableFlags(0x0) }, PageTableEntry { addr: PhysAddr(0x0), flags: PageTableFlags(0x0) }, PageTableEntry { addr: PhysAddr(0x0), flags: PageTableFlags(0x0) }, PageTableEntry { addr: PhysAddr(0x0), flags: PageTableFlags(0x0) }, PageTableEntry { addr: PhysAddr(0x0), flags: PageTableFlags(0x0) }, PageTableEntry { addr: PhysAddr(0x0), flags: PageTableFlags(0x0) }, PageTableEntry { addr: PhysAddr(0x0), flags: PageTableFlags(0x0) }, PageTableEntry { addr: PhysAddr(0x0), flags: PageTableFlags(0x0) }, PageTableEntry { addr: PhysAddr(0x0), flags: PageTableFlags(0x0) }, PageTableEntry { addr: PhysAddr(0x0), flags: PageTableFlags(0x0) }, PageTableEntry { addr: PhysAddr(0x0), flags: PageTableFlags(0x0) }, PageTableEntry { addr: PhysAddr(0x0), flags: PageTableFlags(0x0) }, PageTableEntry { addr: PhysAddr(0x0), flags: PageTableFlags(0x0) }, PageTableEntry { addr: PhysAddr(0x0), flags: PageTableFlags(0x0) }, PageTableEntry { addr: PhysAddr(0x0), flags: PageTableFlags(0x0) }, PageTableEntry { addr: PhysAddr(0x0), flags: PageTableFlags(0x0) }, PageTableEntry { addr: PhysAddr(0x0), flags: PageTableFlags(0x0) }, PageTableEntry { addr: PhysAddr(0x0), flags: PageTableFlags(0x0) }, PageTableEntry { addr: PhysAddr(0x0), flags: PageTableFlags(0x0) }, PageTableEntry { addr: PhysAddr(0x0), flags: PageTableFlags(0x0) }, PageTableEntry { addr: PhysAddr(0x0), flags: PageTableFlags(0x0) }, PageTableEntry { addr: PhysAddr(0x0), flags: PageTableFlags(0x0) }, PageTableEntry { addr: PhysAddr(0x0), flags: PageTableFlags(0x0) }, PageTableEntry { addr: PhysAddr(0x0), flags: PageTableFlags(0x0) }, PageTableEntry { addr: PhysAddr(0x0), flags: PageTableFlags(0x0) }, PageTableEntry { addr: PhysAddr(0x0), flags: PageTableFlags(0x0) }, PageTableEntry { addr: PhysAddr(0x0), flags: PageTableFlags(0x0) }, PageTableEntry { addr: PhysAddr(0x0), flags: PageTableFlags(0x0) }, PageTableEntry { addr: PhysAddr(0x0), flags: PageTableFlags(0x0) }, PageTableEntry { addr: PhysAddr(0x0), flags: PageTableFlags(0x0) }, PageTableEntry { addr: PhysAddr(0x0), flags: PageTableFlags(0x0) }, PageTableEntry { addr: PhysAddr(0x0), flags: PageTableFlags(0x0) }, PageTableEntry { addr: PhysAddr(0x0), flags: PageTableFlags(0x0) }, PageTableEntry { addr: PhysAddr(0x0), flags: PageTableFlags(0x0) }, PageTableEntry { addr: PhysAddr(0x0), flags: PageTableFlags(0x0) }, PageTableEntry { addr: PhysAddr(0x0), flags: PageTableFlags(0x0) }, PageTableEntry { addr: PhysAddr(0x0), flags: PageTableFlags(0x0) }, PageTableEntry { addr: PhysAddr(0x0), flags: PageTableFlags(0x0) }, PageTableEntry { addr: PhysAddr(0x0), flags: PageTableFlags(0x0) }, PageTableEntry { addr: PhysAddr(0x0), flags: PageTableFlags(0x0) }, PageTableEntry { addr: PhysAddr(0x0), flags: PageTableFlags(0x0) }, PageTableEntry { addr: PhysAddr(0x0), flags: PageTableFlags(0x0) }, PageTableEntry { addr: PhysAddr(0x0), flags: PageTableFlags(0x0) }, PageTableEntry { addr: PhysAddr(0x0), flags: PageTableFlags(0x0) }, PageTableEntry { addr: PhysAddr(0x0), flags: PageTableFlags(0x0) }, PageTableEntry { addr: PhysAddr(0x0), flags: PageTableFlags(0x0) }, PageTableEntry { addr: PhysAddr(0x0), flags: PageTableFlags(0x0) }, PageTableEntry { addr: PhysAddr(0x0), flags: PageTableFlags(0x0) }, PageTableEntry { addr: PhysAddr(0x0), flags: PageTableFlags(0x0) }, PageTableEntry { addr: PhysAddr(0x0), flags: PageTableFlags(0x0) }, PageTableEntry { addr: PhysAddr(0x0), flags: PageTableFlags(0x0) }, PageTableEntry { addr: PhysAddr(0x0), flags: PageTableFlags(0x0) }, PageTableEntry { addr: PhysAddr(0x0), flags: PageTableFlags(0x0) }, PageTableEntry { addr: PhysAddr(0x0), flags: PageTableFlags(0x0) }, PageTableEntry { addr: PhysAddr(0x0), flags: PageTableFlags(0x0) }, PageTableEntry { addr: PhysAddr(0x0), flags: PageTableFlags(0x0) }, PageTableEntry { addr: PhysAddr(0x0), flags: PageTableFlags(0x0) }, PageTableEntry { addr: PhysAddr(0x0), flags: PageTableFlags(0x0) }, PageTableEntry { addr: PhysAddr(0x0), flags: PageTableFlags(0x0) }, PageTableEntry { addr: PhysAddr(0x0), flags: PageTableFlags(0x0) }, PageTableEntry { addr: PhysAddr(0x0), flags: PageTableFlags(0x0) }, PageTableEntry { addr: PhysAddr(0x0), flags: PageTableFlags(0x0) }, PageTableEntry { addr: PhysAddr(0x0), flags: PageTableFlags(0x0) }, PageTableEntry { addr: PhysAddr(0x0), flags: PageTableFlags(0x0) }, PageTableEntry { addr: PhysAddr(0x0), flags: PageTableFlags(0x0) }, PageTableEntry { addr: PhysAddr(0x0), flags: PageTableFlags(0x0) }, PageTableEntry { addr: PhysAddr(0x0), flags: PageTableFlags(0x0) }, PageTableEntry { addr: PhysAddr(0x0), flags: PageTableFlags(0x0) }, PageTableEntry { addr: PhysAddr(0x0), flags: PageTableFlags(0x0) }, PageTableEntry { addr: PhysAddr(0x0), flags: PageTableFlags(0x0) }, PageTableEntry { addr: PhysAddr(0x0), flags: PageTableFlags(0x0) }, PageTableEntry { addr: PhysAddr(0x0), flags: PageTableFlags(0x0) }, PageTableEntry { addr: PhysAddr(0x0), flags: PageTableFlags(0x0) }, PageTableEntry { addr: PhysAddr(0x0), flags: PageTableFlags(0x0) }, PageTableEntry { addr: PhysAddr(0x0), flags: PageTableFlags(0x0) }, PageTableEntry { addr: PhysAddr(0x0), flags: PageTableFlags(0x0) }, PageTableEntry { addr: PhysAddr(0x0), flags: PageTableFlags(0x0) }, PageTableEntry { addr: PhysAddr(0x0), flags: PageTableFlags(0x0) }, PageTableEntry { addr: PhysAddr(0x0), flags: PageTableFlags(0x0) }, PageTableEntry { addr: PhysAddr(0x0), flags: PageTableFlags(0x0) }, PageTableEntry { addr: PhysAddr(0x0), flags: PageTableFlags(0x0) }, PageTableEntry { addr: PhysAddr(0x0), flags: PageTableFlags(0x0) }, PageTableEntry { addr: PhysAddr(0x0), flags: PageTableFlags(0x0) }, PageTableEntry { addr: PhysAddr(0x0), flags: PageTableFlags(0x0) }, PageTableEntry { addr: PhysAddr(0x0), flags: PageTableFlags(0x0) }, PageTableEntry { addr: PhysAddr(0x0), flags: PageTableFlags(0x0) }, PageTableEntry { addr: PhysAddr(0x0), flags: PageTableFlags(0x0) }, PageTableEntry { addr: PhysAddr(0x0), flags: PageTableFlags(0x0) }, PageTableEntry { addr: PhysAddr(0x0), flags: PageTableFlags(0x0) }, PageTableEntry { addr: PhysAddr(0x0), flags: PageTableFlags(0x0) }, PageTableEntry { addr: PhysAddr(0x0), flags: PageTableFlags(0x0) }, PageTableEntry { addr: PhysAddr(0x0), flags: PageTableFlags(0x0) }, PageTableEntry { addr: PhysAddr(0x0), flags: PageTableFlags(0x0) }, PageTableEntry { addr: PhysAddr(0x0), flags: PageTableFlags(0x0) }, PageTableEntry { addr: PhysAddr(0x0), flags: PageTableFlags(0x0) }, PageTableEntry { addr: PhysAddr(0x0), flags: PageTableFlags(0x0) }, PageTableEntry { addr: PhysAddr(0x0), flags: PageTableFlags(0x0) }, PageTableEntry { addr: PhysAddr(0x0), flags: PageTableFlags(0x0) }, PageTableEntry { addr: PhysAddr(0x0), flags: PageTableFlags(0x0) }, PageTableEntry { addr: PhysAddr(0x0), flags: PageTableFlags(0x0) }, PageTableEntry { addr: PhysAddr(0x0), flags: PageTableFlags(0x0) }, PageTableEntry { addr: PhysAddr(0x0), flags: PageTableFlags(0x0) }, PageTableEntry { addr: PhysAddr(0x0), flags: PageTableFlags(0x0) }, PageTableEntry { addr: PhysAddr(0x0), flags: PageTableFlags(0x0) }, PageTableEntry { addr: PhysAddr(0x0), flags: PageTableFlags(0x0) }, PageTableEntry { addr: PhysAddr(0x0), flags: PageTableFlags(0x0) }, PageTableEntry { addr: PhysAddr(0x0), flags: PageTableFlags(0x0) }, PageTableEntry { addr: PhysAddr(0x0), flags: PageTableFlags(0x0) }, PageTableEntry { addr: PhysAddr(0x0), flags: PageTableFlags(0x0) }, PageTableEntry { addr: PhysAddr(0x0), flags: PageTableFlags(0x0) }, PageTableEntry { addr: PhysAddr(0x0), flags: PageTableFlags(0x0) }, PageTableEntry { addr: PhysAddr(0x0), flags: PageTableFlags(0x0) }, PageTableEntry { addr: PhysAddr(0x0), flags: PageTableFlags(0x0) }, PageTableEntry { addr: PhysAddr(0x0), flags: PageTableFlags(0x0) }, PageTableEntry { addr: PhysAddr(0x0), flags: PageTableFlags(0x0) }, PageTableEntry { addr: PhysAddr(0x0), flags: PageTableFlags(0x0) }, PageTableEntry { addr: PhysAddr(0x0), flags: PageTableFlags(0x0) }, PageTableEntry { addr: PhysAddr(0x0), flags: PageTableFlags(0x0) }, PageTableEntry { addr: PhysAddr(0x0), flags: PageTableFlags(0x0) }, PageTableEntry { addr: PhysAddr(0x0), flags: PageTableFlags(0x0) }, PageTableEntry { addr: PhysAddr(0x0), flags: PageTableFlags(0x0) }, PageTableEntry { addr: PhysAddr(0x0), flags: PageTableFlags(0x0) }, PageTableEntry { addr: PhysAddr(0x0), flags: PageTableFlags(0x0) }, PageTableEntry { addr: PhysAddr(0x0), flags: PageTableFlags(0x0) }, PageTableEntry { addr: PhysAddr(0x0), flags: PageTableFlags(0x0) }, PageTableEntry { addr: PhysAddr(0x0), flags: PageTableFlags(0x0) }, PageTableEntry { addr: PhysAddr(0x0), flags: PageTableFlags(0x0) }, PageTableEntry { addr: PhysAddr(0x0), flags: PageTableFlags(0x0) }, PageTableEntry { addr: PhysAddr(0x0), flags: PageTableFlags(0x0) }, PageTableEntry { addr: PhysAddr(0x0), flags: PageTableFlags(0x0) }, PageTableEntry { addr: PhysAddr(0x0), flags: PageTableFlags(0x0) }, PageTableEntry { addr: PhysAddr(0x0), flags: PageTableFlags(0x0) }, PageTableEntry { addr: PhysAddr(0x0), flags: PageTableFlags(0x0) }, PageTableEntry { addr: PhysAddr(0x0), flags: PageTableFlags(0x0) }, PageTableEntry { addr: PhysAddr(0x0), flags: PageTableFlags(0x0) }, PageTableEntry { addr: PhysAddr(0x0), flags: PageTableFlags(0x0) }, PageTableEntry { addr: PhysAddr(0x0), flags: PageTableFlags(0x0) }, PageTableEntry { addr: PhysAddr(0x0), flags: PageTableFlags(0x0) }, PageTableEntry { addr: PhysAddr(0x0), flags: PageTableFlags(0x0) }, PageTableEntry { addr: PhysAddr(0x0), flags: PageTableFlags(0x0) }, PageTableEntry { addr: PhysAddr(0x0), flags: PageTableFlags(0x0) }, PageTableEntry { addr: PhysAddr(0x0), flags: PageTableFlags(0x0) }, PageTableEntry { addr: PhysAddr(0x0), flags: PageTableFlags(0x0) }, PageTableEntry { addr: PhysAddr(0x0), flags: PageTableFlags(0x0) }, PageTableEntry { addr: PhysAddr(0x0), flags: PageTableFlags(0x0) }, PageTableEntry { addr: PhysAddr(0x0), flags: PageTableFlags(0x0) }, PageTableEntry { addr: PhysAddr(0x0), flags: PageTableFlags(0x0) }, PageTableEntry { addr: PhysAddr(0x0), flags: PageTableFlags(0x0) }, PageTableEntry { addr: PhysAddr(0x0), flags: PageTableFlags(0x0) }, PageTableEntry { addr: PhysAddr(0x0), flags: PageTableFlags(0x0) }, PageTableEntry { addr: PhysAddr(0x0), flags: PageTableFlags(0x0) }, PageTableEntry { addr: PhysAddr(0x0), flags: PageTableFlags(0x0) }, PageTableEntry { addr: PhysAddr(0x0), flags: PageTableFlags(0x0) }, PageTableEntry { addr: PhysAddr(0x0), flags: PageTableFlags(0x0) }, PageTableEntry { addr: PhysAddr(0x0), flags: PageTableFlags(0x0) }, PageTableEntry { addr: PhysAddr(0x0), flags: PageTableFlags(0x0) }, PageTableEntry { addr: PhysAddr(0x0), flags: PageTableFlags(0x0) }, PageTableEntry { addr: PhysAddr(0x0), flags: PageTableFlags(0x0) }, PageTableEntry { addr: PhysAddr(0x0), flags: PageTableFlags(0x0) }, PageTableEntry { addr: PhysAddr(0x0), flags: PageTableFlags(0x0) }, PageTableEntry { addr: PhysAddr(0x0), flags: PageTableFlags(0x0) }, PageTableEntry { addr: PhysAddr(0x0), flags: PageTableFlags(0x0) }, PageTableEntry { addr: PhysAddr(0x0), flags: PageTableFlags(0x0) }, PageTableEntry { addr: PhysAddr(0x0), flags: PageTableFlags(0x0) }, PageTableEntry { addr: PhysAddr(0x0), flags: PageTableFlags(0x0) }, PageTableEntry { addr: PhysAddr(0x0), flags: PageTableFlags(0x0) }, PageTableEntry { addr: PhysAddr(0x0), flags: PageTableFlags(0x0) }, PageTableEntry { addr: PhysAddr(0x0), flags: PageTableFlags(0x0) }, PageTableEntry { addr: PhysAddr(0x0), flags: PageTableFlags(0x0) }, PageTableEntry { addr: PhysAddr(0x0), flags: PageTableFlags(0x0) }, PageTableEntry { addr: PhysAddr(0x0), flags: PageTableFlags(0x0) }, PageTableEntry { addr: PhysAddr(0x0), flags: PageTableFlags(0x0) }, PageTableEntry { addr: PhysAddr(0x0), flags: PageTableFlags(0x0) }, PageTableEntry { addr: PhysAddr(0x0), flags: PageTableFlags(0x0) }, PageTableEntry { addr: PhysAddr(0x0), flags: PageTableFlags(0x0) }, PageTableEntry { addr: PhysAddr(0x0), flags: PageTableFlags(0x0) }, PageTableEntry { addr: PhysAddr(0x0), flags: PageTableFlags(0x0) }, PageTableEntry { addr: PhysAddr(0x0), flags: PageTableFlags(0x0) }, PageTableEntry { addr: PhysAddr(0x0), flags: PageTableFlags(0x0) }, PageTableEntry { addr: PhysAddr(0x0), flags: PageTableFlags(0x0) }, PageTableEntry { addr: PhysAddr(0x0), flags: PageTableFlags(0x0) }, PageTableEntry { addr: PhysAddr(0x0), flags: PageTableFlags(0x0) }, PageTableEntry { addr: PhysAddr(0x0), flags: PageTableFlags(0x0) }, PageTableEntry { addr: PhysAddr(0x0), flags: PageTableFlags(0x0) }, PageTableEntry { addr: PhysAddr(0x0), flags: PageTableFlags(0x0) }, PageTableEntry { addr: PhysAddr(0x0), flags: PageTableFlags(0x0) }, PageTableEntry { addr: PhysAddr(0x0), flags: PageTableFlags(0x0) }, PageTableEntry { addr: PhysAddr(0x0), flags: PageTableFlags(0x0) }, PageTableEntry { addr: PhysAddr(0x0), flags: PageTableFlags(0x0) }, PageTableEntry { addr: PhysAddr(0x0), flags: PageTableFlags(0x0) }, PageTableEntry { addr: PhysAddr(0x0), flags: PageTableFlags(0x0) }, PageTableEntry { addr: PhysAddr(0x0), flags: PageTableFlags(0x0) }, PageTableEntry { addr: PhysAddr(0x0), flags: PageTableFlags(0x0) }, PageTableEntry { addr: PhysAddr(0x0), flags: PageTableFlags(0x0) }, PageTableEntry { addr: PhysAddr(0x0), flags: PageTableFlags(0x0) }, PageTableEntry { addr: PhysAddr(0x0), flags: PageTableFlags(0x0) }, PageTableEntry { addr: PhysAddr(0x0), flags: PageTableFlags(0x0) }, PageTableEntry { addr: PhysAddr(0x0), flags: PageTableFlags(0x0) }, PageTableEntry { addr: PhysAddr(0x0), flags: PageTableFlags(0x0) }, PageTableEntry { addr: PhysAddr(0x0), flags: PageTableFlags(0x0) }, PageTableEntry { addr: PhysAddr(0x0), flags: PageTableFlags(0x0) }, PageTableEntry { addr: PhysAddr(0x0), flags: PageTableFlags(0x0) }, PageTableEntry { addr: PhysAddr(0x0), flags: PageTableFlags(0x0) }, PageTableEntry { addr: PhysAddr(0x0), flags: PageTableFlags(0x0) }, PageTableEntry { addr: PhysAddr(0x0), flags: PageTableFlags(0x0) }, PageTableEntry { addr: PhysAddr(0x0), flags: PageTableFlags(0x0) }, PageTableEntry { addr: PhysAddr(0x0), flags: PageTableFlags(0x0) }, PageTableEntry { addr: PhysAddr(0x0), flags: PageTableFlags(0x0) }, PageTableEntry { addr: PhysAddr(0x0), flags: PageTableFlags(0x0) }, PageTableEntry { addr: PhysAddr(0x0), flags: PageTableFlags(0x0) }, PageTableEntry { addr: PhysAddr(0x0), flags: PageTableFlags(0x0) }, PageTableEntry { addr: PhysAddr(0x0), flags: PageTableFlags(0x0) }, PageTableEntry { addr: PhysAddr(0x0), flags: PageTableFlags(0x0) }, PageTableEntry { addr: PhysAddr(0x0), flags: PageTableFlags(0x0) }, PageTableEntry { addr: PhysAddr(0x0), flags: PageTableFlags(0x0) }, PageTableEntry { addr: PhysAddr(0x0), flags: PageTableFlags(0x0) }, PageTableEntry { addr: PhysAddr(0x0), flags: PageTableFlags(0x0) }, PageTableEntry { addr: PhysAddr(0x0), flags: PageTableFlags(0x0) }, PageTableEntry { addr: PhysAddr(0x0), flags: PageTableFlags(0x0) }, PageTableEntry { addr: PhysAddr(0x0), flags: PageTableFlags(0x0) }, PageTableEntry { addr: PhysAddr(0x0), flags: PageTableFlags(0x0) }, PageTableEntry { addr: PhysAddr(0x0), flags: PageTableFlags(0x0) }, PageTableEntry { addr: PhysAddr(0x0), flags: PageTableFlags(0x0) }, PageTableEntry { addr: PhysAddr(0x0), flags: PageTableFlags(0x0) }, PageTableEntry { addr: PhysAddr(0x0), flags: PageTableFlags(0x0) }, PageTableEntry { addr: PhysAddr(0x0), flags: PageTableFlags(0x0) }, PageTableEntry { addr: PhysAddr(0x0), flags: PageTableFlags(0x0) }, PageTableEntry { addr: PhysAddr(0x0), flags: PageTableFlags(0x0) }, PageTableEntry { addr: PhysAddr(0x0), flags: PageTableFlags(0x0) }, PageTableEntry { addr: PhysAddr(0x0), flags: PageTableFlags(0x0) }, PageTableEntry { addr: PhysAddr(0x0), flags: PageTableFlags(0x0) }, PageTableEntry { addr: PhysAddr(0x0), flags: PageTableFlags(0x0) }, PageTableEntry { addr: PhysAddr(0x0), flags: PageTableFlags(0x0) }, PageTableEntry { addr: PhysAddr(0x0), flags: PageTableFlags(0x0) }, PageTableEntry { addr: PhysAddr(0x0), flags: PageTableFlags(0x0) }, PageTableEntry { addr: PhysAddr(0x0), flags: PageTableFlags(0x0) }, PageTableEntry { addr: PhysAddr(0x0), flags: PageTableFlags(0x0) }, PageTableEntry { addr: PhysAddr(0x0), flags: PageTableFlags(0x0) }, PageTableEntry { addr: PhysAddr(0x0), flags: PageTableFlags(0x0) }, PageTableEntry { addr: PhysAddr(0x0), flags: PageTableFlags(0x0) }, PageTableEntry { addr: PhysAddr(0x0), flags: PageTableFlags(0x0) }, PageTableEntry { addr: PhysAddr(0x0), flags: PageTableFlags(0x0) }, PageTableEntry { addr: PhysAddr(0x0), flags: PageTableFlags(0x0) }, PageTableEntry { addr: PhysAddr(0x0), flags: PageTableFlags(0x0) }, PageTableEntry { addr: PhysAddr(0x0), flags: PageTableFlags(0x0) }, PageTableEntry { addr: PhysAddr(0x0), flags: PageTableFlags(0x0) }, PageTableEntry { addr: PhysAddr(0x0), flags: PageTableFlags(0x0) }, PageTableEntry { addr: PhysAddr(0x0), flags: PageTableFlags(0x0) }, PageTableEntry { addr: PhysAddr(0x0), flags: PageTableFlags(0x0) }, PageTableEntry { addr: PhysAddr(0x0), flags: PageTableFlags(0x0) }, PageTableEntry { addr: PhysAddr(0x0), flags: PageTableFlags(0x0) }, PageTableEntry { addr: PhysAddr(0x0), flags: PageTableFlags(0x0) }, PageTableEntry { addr: PhysAddr(0x0), flags: PageTableFlags(0x0) }, PageTableEntry { addr: PhysAddr(0x0), flags: PageTableFlags(0x0) }, PageTableEntry { addr: PhysAddr(0x0), flags: PageTableFlags(0x0) }, PageTableEntry { addr: PhysAddr(0x0), flags: PageTableFlags(0x0) }, PageTableEntry { addr: PhysAddr(0x0), flags: PageTableFlags(0x0) }, PageTableEntry { addr: PhysAddr(0x0), flags: PageTableFlags(0x0) }, PageTableEntry { addr: PhysAddr(0x0), flags: PageTableFlags(0x0) }, PageTableEntry { addr: PhysAddr(0x0), flags: PageTableFlags(0x0) }, PageTableEntry { addr: PhysAddr(0x0), flags: PageTableFlags(0x0) }, PageTableEntry { addr: PhysAddr(0x0), flags: PageTableFlags(0x0) }, PageTableEntry { addr: PhysAddr(0x0), flags: PageTableFlags(0x0) }, PageTableEntry { addr: PhysAddr(0x0), flags: PageTableFlags(0x0) }, PageTableEntry { addr: PhysAddr(0x0), flags: PageTableFlags(0x0) }, PageTableEntry { addr: PhysAddr(0x0), flags: PageTableFlags(0x0) }, PageTableEntry { addr: PhysAddr(0x0), flags: PageTableFlags(0x0) }, PageTableEntry { addr: PhysAddr(0x0), flags: PageTableFlags(0x0) }, PageTableEntry { addr: PhysAddr(0x0), flags: PageTableFlags(0x0) }, PageTableEntry { addr: PhysAddr(0x0), flags: PageTableFlags(0x0) }, PageTableEntry { addr: PhysAddr(0x0), flags: PageTableFlags(0x0) }, PageTableEntry { addr: PhysAddr(0x0), flags: PageTableFlags(0x0) }, PageTableEntry { addr: PhysAddr(0x0), flags: PageTableFlags(0x0) }, PageTableEntry { addr: PhysAddr(0x0), flags: PageTableFlags(0x0) }, PageTableEntry { addr: PhysAddr(0x0), flags: PageTableFlags(0x0) }, PageTableEntry { addr: PhysAddr(0x0), flags: PageTableFlags(0x0) }, PageTableEntry { addr: PhysAddr(0x0), flags: PageTableFlags(0x0) }, PageTableEntry { addr: PhysAddr(0x0), flags: PageTableFlags(0x0) }, PageTableEntry { addr: PhysAddr(0x0), flags: PageTableFlags(0x0) }, PageTableEntry { addr: PhysAddr(0x0), flags: PageTableFlags(0x0) }, PageTableEntry { addr: PhysAddr(0x0), flags: PageTableFlags(0x0) }, PageTableEntry { addr: PhysAddr(0x0), flags: PageTableFlags(0x0) }, PageTableEntry { addr: PhysAddr(0x0), flags: PageTableFlags(0x0) }, PageTableEntry { addr: PhysAddr(0x0), flags: PageTableFlags(0x0) }, PageTableEntry { addr: PhysAddr(0x0), flags: PageTableFlags(0x0) }, PageTableEntry { addr: PhysAddr(0x0), flags: PageTableFlags(0x0) }, PageTableEntry { addr: PhysAddr(0x0), flags: PageTableFlags(0x0) }, PageTableEntry { addr: PhysAddr(0x0), flags: PageTableFlags(0x0) }, PageTableEntry { addr: PhysAddr(0x0), flags: PageTableFlags(0x0) }, PageTableEntry { addr: PhysAddr(0x0), flags: PageTableFlags(0x0) }, PageTableEntry { addr: PhysAddr(0x0), flags: PageTableFlags(0x0) }, PageTableEntry { addr: PhysAddr(0x0), flags: PageTableFlags(0x0) }, PageTableEntry { addr: PhysAddr(0x0), flags: PageTableFlags(0x0) }, PageTableEntry { addr: PhysAddr(0x0), flags: PageTableFlags(0x0) }, PageTableEntry { addr: PhysAddr(0x0), flags: PageTableFlags(0x0) }, PageTableEntry { addr: PhysAddr(0x0), flags: PageTableFlags(0x0) }, PageTableEntry { addr: PhysAddr(0x0), flags: PageTableFlags(0x0) }, PageTableEntry { addr: PhysAddr(0x0), flags: PageTableFlags(0x0) }, PageTableEntry { addr: PhysAddr(0x0), flags: PageTableFlags(0x0) }, PageTableEntry { addr: PhysAddr(0x0), flags: PageTableFlags(0x0) }, PageTableEntry { addr: PhysAddr(0x0), flags: PageTableFlags(0x0) }, PageTableEntry { addr: PhysAddr(0x0), flags: PageTableFlags(0x0) }, PageTableEntry { addr: PhysAddr(0x0), flags: PageTableFlags(0x0) }, PageTableEntry { addr: PhysAddr(0x0), flags: PageTableFlags(0x0) }, PageTableEntry { addr: PhysAddr(0x0), flags: PageTableFlags(0x0) }, PageTableEntry { addr: PhysAddr(0x0), flags: PageTableFlags(0x0) }, PageTableEntry { addr: PhysAddr(0x0), flags: PageTableFlags(0x0) }, PageTableEntry { addr: PhysAddr(0x0), flags: PageTableFlags(0x0) }, PageTableEntry { addr: PhysAddr(0x0), flags: PageTableFlags(0x0) }, PageTableEntry { addr: PhysAddr(0x0), flags: PageTableFlags(0x0) }, PageTableEntry { addr: PhysAddr(0x0), flags: PageTableFlags(0x0) }, PageTableEntry { addr: PhysAddr(0x0), flags: PageTableFlags(0x0) }, PageTableEntry { addr: PhysAddr(0x0), flags: PageTableFlags(0x0) }, PageTableEntry { addr: PhysAddr(0x0), flags: PageTableFlags(0x0) }]
  pl3 entry 0: PageTableEntry { addr: PhysAddr(0x7fc03000), flags: PageTableFlags(PRESENT | WRITABLE | ACCESSED) }
!!!! X64 Exception Type - 0E(#PF - Page-Fault)  CPU Apic ID - 00000000 !!!!
ExceptionData - 0000000000000003  I:0 R:0 U:0 W:1 P:1 PK:0 SS:0 SGX:0
RIP  - FFFFFF800000A36F, CS  - 0000000000000038, RFLAGS - 0000000000010002
RAX  - 000000007FC03023, RCX - 0000000000000023, RDX - 000000007FC03000
RBX  - 0000000000000000, RSP - 000000007FE94B68, RBP - 000000007FE96880
RSI  - 0000000000000023, RDI - 000000007FC02000
R8   - 0000000000000001, R9  - 0000000000000008, R10 - 000000007EA69018
R11  - 00000000FB2DF3C8, R12 - 0000000000000000, R13 - 000000007ED8D000
R14  - 0000000000000000, R15 - 000000007FEAF9E0
DS   - 0000000000000030, ES  - 0000000000000030, FS  - 0000000000000030
GS   - 0000000000000030, SS  - 0000000000000030
CR0  - 0000000080010033, CR2 - 000000007FC02000, CR3 - 000000007E4DB000
CR4  - 0000000000000668, CR8 - 0000000000000000
DR0  - 0000000000000000, DR1 - 0000000000000000, DR2 - 0000000000000000
DR3  - 0000000000000000, DR6 - 00000000FFFF0FF0, DR7 - 0000000000000400
GDTR - 000000007F9DC000 0000000000000047, LDTR - 0000000000000000
IDTR - 000000007F538018 0000000000000FFF,   TR - 0000000000000000
FXSAVE_STATE - 000000007FE947C0

Fault address == CR2 == 000000007FC02000

(gdb) print_address_indices 0x000000007FC02000
0x7fc02000 -> 0, 1, 510, 2
entry = 0x7fc02023 addr = 0x7fc02000 flags = 0x23 ( P RW A )
entry = 0x7fc04023 addr = 0x7fc04000 flags = 0x23 ( P RW A )
entry = 0x7fc000e1 addr = 0x7fc00000 flags = 0xe1 ( P A D PS )
(gdb) print_address_indices 0x7fc00000
0x7fc00000 -> 0, 1, 510, 0
entry = 0x7fc02023 addr = 0x7fc02000 flags = 0x23 ( P RW A )
entry = 0x7fc04023 addr = 0x7fc04000 flags = 0x23 ( P RW A )
entry = 0x7fc000e1 addr = 0x7fc00000 flags = 0xe1 ( P A D PS )
(gdb)

So 0x7fc00000 is identity mapped at 0x7fc00000 as a 2MB page 
Which is why both of the above map to the same entries.
The last entry is marked as read-only, and it appears to be an identity map 
of a different page (see dump below) 

(gdb) print_address_indices 0x0000000040000000
0x40000000 -> 0, 1, 0, 0
entry = 0x7fc02023 addr = 0x7fc02000 flags = 0x23 ( P RW A )
entry = 0x7fc04023 addr = 0x7fc04000 flags = 0x23 ( P RW A )
entry = 0x40000083 addr = 0x40000000 flags = 0x83 ( P RW PS )

(gdb) x/512gx 0x7fc04000
0x7fc04000:	0x0000000040000083	0x0000000040200083
0x7fc04010:	0x0000000040400083	0x0000000040600083
0x7fc04020:	0x0000000040800083	0x0000000040a00083
0x7fc04030:	0x0000000040c00083	0x0000000040e00083
0x7fc04040:	0x0000000041000083	0x0000000041200083
0x7fc04050:	0x0000000041400083	0x0000000041600083
0x7fc04060:	0x0000000041800083	0x0000000041a00083
0x7fc04070:	0x0000000041c00083	0x0000000041e00083
0x7fc04080:	0x0000000042000083	0x0000000042200083
0x7fc04090:	0x0000000042400083	0x0000000042600083
0x7fc040a0:	0x0000000042800083	0x0000000042a00083
0x7fc040b0:	0x0000000042c00083	0x0000000042e00083
0x7fc040c0:	0x0000000043000083	0x0000000043200083
0x7fc040d0:	0x0000000043400083	0x0000000043600083
0x7fc040e0:	0x0000000043800083	0x0000000043a00083
0x7fc040f0:	0x0000000043c00083	0x0000000043e00083
0x7fc04100:	0x0000000044000083	0x0000000044200083
0x7fc04110:	0x0000000044400083	0x0000000044600083
0x7fc04120:	0x0000000044800083	0x0000000044a00083
0x7fc04130:	0x0000000044c00083	0x0000000044e00083
0x7fc04140:	0x0000000045000083	0x0000000045200083
0x7fc04150:	0x0000000045400083	0x0000000045600083
0x7fc04160:	0x0000000045800083	0x0000000045a00083
0x7fc04170:	0x0000000045c00083	0x0000000045e00083
0x7fc04180:	0x0000000046000083	0x0000000046200083
0x7fc04190:	0x0000000046400083	0x0000000046600083
0x7fc041a0:	0x0000000046800083	0x0000000046a00083
0x7fc041b0:	0x0000000046c00083	0x0000000046e00083
0x7fc041c0:	0x0000000047000083	0x0000000047200083
0x7fc041d0:	0x0000000047400083	0x0000000047600083
0x7fc041e0:	0x0000000047800083	0x0000000047a00083
0x7fc041f0:	0x0000000047c00083	0x0000000047e00083
0x7fc04200:	0x0000000048000083	0x0000000048200083
0x7fc04210:	0x0000000048400083	0x0000000048600083
0x7fc04220:	0x0000000048800083	0x0000000048a00083
0x7fc04230:	0x0000000048c00083	0x0000000048e00083
0x7fc04240:	0x0000000049000083	0x0000000049200083
0x7fc04250:	0x0000000049400083	0x0000000049600083
0x7fc04260:	0x0000000049800083	0x0000000049a00083
0x7fc04270:	0x0000000049c00083	0x0000000049e00083
0x7fc04280:	0x000000004a000083	0x000000004a200083
0x7fc04290:	0x000000004a400083	0x000000004a600083
0x7fc042a0:	0x000000004a800083	0x000000004aa00083
0x7fc042b0:	0x000000004ac00083	0x000000004ae00083
0x7fc042c0:	0x000000004b000083	0x000000004b200083
0x7fc042d0:	0x000000004b400083	0x000000004b600083
0x7fc042e0:	0x000000004b800083	0x000000004ba00083
0x7fc042f0:	0x000000004bc00083	0x000000004be00083
0x7fc04300:	0x000000004c000083	0x000000004c200083
0x7fc04310:	0x000000004c400083	0x000000004c600083
0x7fc04320:	0x000000004c800083	0x000000004ca00083
0x7fc04330:	0x000000004cc00083	0x000000004ce00083
0x7fc04340:	0x000000004d000083	0x000000004d200083
0x7fc04350:	0x000000004d400083	0x000000004d600083
0x7fc04360:	0x000000004d800083	0x000000004da00083
0x7fc04370:	0x000000004dc00083	0x000000004de00083
0x7fc04380:	0x000000004e000083	0x000000004e200083
0x7fc04390:	0x000000004e400083	0x000000004e600083
0x7fc043a0:	0x000000004e800083	0x000000004ea00083
0x7fc043b0:	0x000000004ec00083	0x000000004ee00083
0x7fc043c0:	0x000000004f000083	0x000000004f200083
0x7fc043d0:	0x000000004f400083	0x000000004f600083
0x7fc043e0:	0x000000004f800083	0x000000004fa00083
0x7fc043f0:	0x000000004fc00083	0x000000004fe00083
0x7fc04400:	0x0000000050000083	0x0000000050200083
0x7fc04410:	0x0000000050400083	0x0000000050600083
0x7fc04420:	0x0000000050800083	0x0000000050a00083
0x7fc04430:	0x0000000050c00083	0x0000000050e00083
0x7fc04440:	0x0000000051000083	0x0000000051200083
0x7fc04450:	0x0000000051400083	0x0000000051600083
0x7fc04460:	0x0000000051800083	0x0000000051a00083
0x7fc04470:	0x0000000051c00083	0x0000000051e00083
0x7fc04480:	0x0000000052000083	0x0000000052200083
0x7fc04490:	0x0000000052400083	0x0000000052600083
0x7fc044a0:	0x0000000052800083	0x0000000052a00083
0x7fc044b0:	0x0000000052c00083	0x0000000052e00083
0x7fc044c0:	0x0000000053000083	0x0000000053200083
0x7fc044d0:	0x0000000053400083	0x0000000053600083
0x7fc044e0:	0x0000000053800083	0x0000000053a00083
0x7fc044f0:	0x0000000053c00083	0x0000000053e00083
0x7fc04500:	0x0000000054000083	0x0000000054200083
0x7fc04510:	0x0000000054400083	0x0000000054600083
0x7fc04520:	0x0000000054800083	0x0000000054a00083
0x7fc04530:	0x0000000054c00083	0x0000000054e00083
0x7fc04540:	0x0000000055000083	0x0000000055200083
0x7fc04550:	0x0000000055400083	0x0000000055600083
0x7fc04560:	0x0000000055800083	0x0000000055a00083
0x7fc04570:	0x0000000055c00083	0x0000000055e00083
0x7fc04580:	0x0000000056000083	0x0000000056200083
0x7fc04590:	0x0000000056400083	0x0000000056600083
0x7fc045a0:	0x0000000056800083	0x0000000056a00083
0x7fc045b0:	0x0000000056c00083	0x0000000056e00083
0x7fc045c0:	0x0000000057000083	0x0000000057200083
0x7fc045d0:	0x0000000057400083	0x0000000057600083
0x7fc045e0:	0x0000000057800083	0x0000000057a00083
0x7fc045f0:	0x0000000057c00083	0x0000000057e00083
0x7fc04600:	0x0000000058000083	0x0000000058200083
0x7fc04610:	0x0000000058400083	0x0000000058600083
0x7fc04620:	0x0000000058800083	0x0000000058a00083
0x7fc04630:	0x0000000058c00083	0x0000000058e00083
0x7fc04640:	0x0000000059000083	0x0000000059200083
0x7fc04650:	0x0000000059400083	0x0000000059600083
0x7fc04660:	0x0000000059800083	0x0000000059a00083
0x7fc04670:	0x0000000059c00083	0x0000000059e00083
0x7fc04680:	0x000000005a000083	0x000000005a200083
0x7fc04690:	0x000000005a400083	0x000000005a600083
0x7fc046a0:	0x000000005a800083	0x000000005aa00083
0x7fc046b0:	0x000000005ac00083	0x000000005ae00083
0x7fc046c0:	0x000000005b000083	0x000000005b200083
0x7fc046d0:	0x000000005b400083	0x000000005b600083
0x7fc046e0:	0x000000005b800083	0x000000005ba00083
0x7fc046f0:	0x000000005bc00083	0x000000005be00083
0x7fc04700:	0x000000005c000083	0x000000005c200083
0x7fc04710:	0x000000005c400083	0x000000005c600083
0x7fc04720:	0x000000005c800083	0x000000005ca00083
0x7fc04730:	0x000000005cc00083	0x000000005ce00083
0x7fc04740:	0x000000005d000083	0x000000005d200083
0x7fc04750:	0x000000005d400083	0x000000005d600083
0x7fc04760:	0x000000005d800083	0x000000005da00083
0x7fc04770:	0x000000005dc00083	0x000000005de00083
0x7fc04780:	0x000000005e000083	0x000000005e200083
0x7fc04790:	0x000000005e400083	0x000000005e600083
0x7fc047a0:	0x000000005e800083	0x000000005ea00083
0x7fc047b0:	0x000000005ec00083	0x000000005ee00083
0x7fc047c0:	0x000000005f000083	0x000000005f200083
0x7fc047d0:	0x000000005f400083	0x000000005f600083
0x7fc047e0:	0x000000005f800083	0x000000005fa00083
0x7fc047f0:	0x000000005fc00083	0x000000005fe00083
0x7fc04800:	0x0000000060000083	0x0000000060200083
0x7fc04810:	0x0000000060400083	0x0000000060600083
0x7fc04820:	0x0000000060800083	0x0000000060a00083
0x7fc04830:	0x0000000060c00083	0x0000000060e00083
0x7fc04840:	0x0000000061000083	0x0000000061200083
0x7fc04850:	0x0000000061400083	0x0000000061600083
0x7fc04860:	0x0000000061800083	0x0000000061a00083
0x7fc04870:	0x0000000061c00083	0x0000000061e00083
0x7fc04880:	0x0000000062000083	0x0000000062200083
0x7fc04890:	0x0000000062400083	0x0000000062600083
0x7fc048a0:	0x0000000062800083	0x0000000062a00083
0x7fc048b0:	0x0000000062c00083	0x0000000062e00083
0x7fc048c0:	0x0000000063000083	0x0000000063200083
0x7fc048d0:	0x0000000063400083	0x0000000063600083
0x7fc048e0:	0x0000000063800083	0x0000000063a00083
0x7fc048f0:	0x0000000063c00083	0x0000000063e00083
0x7fc04900:	0x0000000064000083	0x0000000064200083
0x7fc04910:	0x0000000064400083	0x0000000064600083
0x7fc04920:	0x0000000064800083	0x0000000064a00083
0x7fc04930:	0x0000000064c00083	0x0000000064e00083
0x7fc04940:	0x0000000065000083	0x0000000065200083
0x7fc04950:	0x0000000065400083	0x0000000065600083
0x7fc04960:	0x0000000065800083	0x0000000065a00083
0x7fc04970:	0x0000000065c00083	0x0000000065e00083
0x7fc04980:	0x0000000066000083	0x0000000066200083
0x7fc04990:	0x0000000066400083	0x0000000066600083
0x7fc049a0:	0x0000000066800083	0x0000000066a00083
0x7fc049b0:	0x0000000066c00083	0x0000000066e00083
0x7fc049c0:	0x0000000067000083	0x0000000067200083
0x7fc049d0:	0x0000000067400083	0x0000000067600083
0x7fc049e0:	0x0000000067800083	0x0000000067a00083
0x7fc049f0:	0x0000000067c00083	0x0000000067e00083
0x7fc04a00:	0x0000000068000083	0x0000000068200083
0x7fc04a10:	0x0000000068400083	0x0000000068600083
0x7fc04a20:	0x0000000068800083	0x0000000068a00083
0x7fc04a30:	0x0000000068c00083	0x0000000068e00083
0x7fc04a40:	0x0000000069000083	0x0000000069200083
0x7fc04a50:	0x0000000069400083	0x0000000069600083
0x7fc04a60:	0x0000000069800083	0x0000000069a00083
0x7fc04a70:	0x0000000069c00083	0x0000000069e00083
0x7fc04a80:	0x000000006a000083	0x000000006a200083
0x7fc04a90:	0x000000006a400083	0x000000006a600083
0x7fc04aa0:	0x000000006a800083	0x000000006aa00083
0x7fc04ab0:	0x000000006ac00083	0x000000006ae00083
0x7fc04ac0:	0x000000006b000083	0x000000006b200083
0x7fc04ad0:	0x000000006b400083	0x000000006b600083
0x7fc04ae0:	0x000000006b800083	0x000000006ba00083
0x7fc04af0:	0x000000006bc00083	0x000000006be00083
0x7fc04b00:	0x000000006c000083	0x000000006c200083
0x7fc04b10:	0x000000006c400083	0x000000006c600083
0x7fc04b20:	0x000000006c800083	0x000000006ca00083
0x7fc04b30:	0x000000006cc00083	0x000000006ce00083
0x7fc04b40:	0x000000006d000083	0x000000006d200083
0x7fc04b50:	0x000000006d400083	0x000000006d600083
0x7fc04b60:	0x000000006d800083	0x000000006da00083
0x7fc04b70:	0x000000006dc00083	0x000000006de00083
0x7fc04b80:	0x000000006e000083	0x000000006e200083
0x7fc04b90:	0x000000006e400083	0x000000006e600083
0x7fc04ba0:	0x000000006e800083	0x000000006ea00083
0x7fc04bb0:	0x000000006ec00083	0x000000006ee00083
0x7fc04bc0:	0x000000006f000083	0x000000006f200083
0x7fc04bd0:	0x000000006f400083	0x000000006f600083
0x7fc04be0:	0x000000006f800083	0x000000006fa00083
0x7fc04bf0:	0x000000006fc00083	0x000000006fe00083
0x7fc04c00:	0x0000000070000083	0x0000000070200083
0x7fc04c10:	0x0000000070400083	0x0000000070600083
0x7fc04c20:	0x0000000070800083	0x0000000070a00083
0x7fc04c30:	0x0000000070c00083	0x0000000070e00083
0x7fc04c40:	0x0000000071000083	0x0000000071200083
0x7fc04c50:	0x0000000071400083	0x0000000071600083
0x7fc04c60:	0x0000000071800083	0x0000000071a00083
0x7fc04c70:	0x0000000071c00083	0x0000000071e00083
0x7fc04c80:	0x0000000072000083	0x0000000072200083
0x7fc04c90:	0x0000000072400083	0x0000000072600083
0x7fc04ca0:	0x0000000072800083	0x0000000072a00083
0x7fc04cb0:	0x0000000072c00083	0x0000000072e00083
0x7fc04cc0:	0x0000000073000083	0x0000000073200083
0x7fc04cd0:	0x0000000073400083	0x0000000073600083
0x7fc04ce0:	0x0000000073800083	0x0000000073a00083
0x7fc04cf0:	0x0000000073c00083	0x0000000073e00083
0x7fc04d00:	0x0000000074000083	0x0000000074200083
0x7fc04d10:	0x0000000074400083	0x0000000074600083
0x7fc04d20:	0x0000000074800083	0x0000000074a00083
0x7fc04d30:	0x0000000074c00083	0x0000000074e00083
0x7fc04d40:	0x0000000075000083	0x0000000075200083
0x7fc04d50:	0x0000000075400083	0x0000000075600083
0x7fc04d60:	0x0000000075800083	0x0000000075a00083
0x7fc04d70:	0x0000000075c00083	0x0000000075e00083
0x7fc04d80:	0x0000000076000083	0x0000000076200083
0x7fc04d90:	0x0000000076400083	0x0000000076600083
0x7fc04da0:	0x0000000076800083	0x0000000076a00083
0x7fc04db0:	0x0000000076c00083	0x0000000076e00083
0x7fc04dc0:	0x0000000077000083	0x0000000077200083
0x7fc04dd0:	0x0000000077400083	0x0000000077600083
0x7fc04de0:	0x0000000077800083	0x0000000077a00083
0x7fc04df0:	0x0000000077c00083	0x0000000077e00083
0x7fc04e00:	0x0000000078000083	0x0000000078200083
0x7fc04e10:	0x0000000078400083	0x0000000078600083
0x7fc04e20:	0x0000000078800083	0x0000000078a00083
0x7fc04e30:	0x0000000078c00083	0x0000000078e00083
0x7fc04e40:	0x0000000079000083	0x0000000079200083
0x7fc04e50:	0x0000000079400083	0x0000000079600083
0x7fc04e60:	0x0000000079800083	0x0000000079a00083
0x7fc04e70:	0x0000000079c00083	0x0000000079e00083
0x7fc04e80:	0x000000007a000083	0x000000007a200083
0x7fc04e90:	0x000000007a400083	0x000000007a600083
0x7fc04ea0:	0x000000007a800083	0x000000007aa00083
0x7fc04eb0:	0x000000007ac00083	0x000000007ae00083
0x7fc04ec0:	0x000000007b000083	0x000000007b200083
0x7fc04ed0:	0x000000007b400083	0x000000007b600083
0x7fc04ee0:	0x000000007b800083	0x000000007ba00083
0x7fc04ef0:	0x000000007bc00083	0x000000007be000e3
0x7fc04f00:	0x000000007c000083	0x000000007c200083
0x7fc04f10:	0x000000007c400083	0x000000007c600083
0x7fc04f20:	0x000000007c800083	0x000000007ca00083
0x7fc04f30:	0x000000007cc00083	0x000000007ce00083
0x7fc04f40:	0x000000007d000083	0x000000007d200083
0x7fc04f50:	0x000000007d400083	0x000000007d600083
0x7fc04f60:	0x000000007d800083	0x000000007da00083
0x7fc04f70:	0x000000007dc00083	0x000000007de000e3
0x7fc04f80:	0x000000007e0000e3	0x000000007e2000e3
0x7fc04f90:	0x000000007e4000e3	0x000000007e6000e3
0x7fc04fa0:	0x000000007e8000e3	0x000000007ea000e3
0x7fc04fb0:	0x000000007ec000e3	0x000000007ee000e1
0x7fc04fc0:	0x000000007f0000e3	0x000000007f2000e3
0x7fc04fd0:	0x000000007f4000e3	0x000000007f6000e3
0x7fc04fe0:	0x000000007f8000e3	0x000000007ee01023
0x7fc04ff0:	0x000000007fc000e1	0x000000007ee02023

